###############################################################################
#
# IAR ANSI C/C++ Compiler V9.30.1.335/W64 for ARM         07/Dec/2022  22:01:57
# Copyright 1999-2022 IAR Systems AB.
#
#    Cpu mode                     =  thumb
#    Endian                       =  little
#    Source file                  =
#        C:\Users\NAINSOO\Desktop\programming\project_test\user\main.c
#    Command line                 =
#        -f
#        C:\Users\NAINSOO\Desktop\programming\project_test\Debug\Obj\user\main.o.rsp
#        (C:\Users\NAINSOO\Desktop\programming\project_test\user\main.c -D
#        USE_STDPERIPH_DRIVER -D STM32F10X_CL -lC
#        C:\Users\NAINSOO\Desktop\programming\project_test\Debug\List\user -o
#        C:\Users\NAINSOO\Desktop\programming\project_test\Debug\Obj\user
#        --no_cse --no_unroll --no_inline --no_code_motion --no_tbaa
#        --no_clustering --no_scheduling --debug --endian=little
#        --cpu=Cortex-M3 -e --fpu=None --dlib_config "C:\Program Files\IAR
#        Systems\Embedded Workbench 9.1\arm\inc\c\DLib_Config_Normal.h" -I
#        C:\Users\NAINSOO\Desktop\programming\project_test\libraries\CMSIS\DeviceSupport\
#        -I
#        C:\Users\NAINSOO\Desktop\programming\project_test\libraries\CMSIS\DeviceSupport\Startup\
#        -I
#        C:\Users\NAINSOO\Desktop\programming\project_test\libraries\STM32F10x_StdPeriph_Driver_v3.5\inc\
#        -I
#        C:\Users\NAINSOO\Desktop\programming\project_test\libraries\STM32F10x_StdPeriph_Driver_v3.5\src\
#        -I C:\Users\NAINSOO\Desktop\programming\project_test\user\ -I
#        C:\Users\NAINSOO\Desktop\programming\project_test\libraries\LCD\ -I
#        C:\Users\NAINSOO\Desktop\programming\project_test\user\inc\ -I
#        C:\Users\NAINSOO\Desktop\programming\project_test\libraries\ws2812\inc\
#        -I
#        C:\Users\NAINSOO\Desktop\programming\project_test\libraries\ws2812\src\
#        -Ol -I "C:\Program Files\IAR Systems\Embedded Workbench
#        9.1\arm\CMSIS\Core\Include\\") --dependencies=n
#        C:\Users\NAINSOO\Desktop\programming\project_test\Debug\Obj\user\main.o.d
#    Locale                       =  C
#    List file                    =
#        C:\Users\NAINSOO\Desktop\programming\project_test\Debug\List\user\main.lst
#    Object file                  =
#        C:\Users\NAINSOO\Desktop\programming\project_test\Debug\Obj\user\main.o
#    Runtime model:                  
#      __CPP_Runtime              =  1
#      __SystemLibrary            =  DLib
#      __dlib_file_descriptor     =  0
#      __dlib_full_locale_support =  0
#      __dlib_version             =  6
#      __size_limit               =  32768|ARM.EW.LINKER
#
###############################################################################

C:\Users\NAINSOO\Desktop\programming\project_test\user\main.c
      1          #include <misc.h>
      2          #include <stm32f10x.h>
      3          #include <stm32f10x_exti.h>
      4          #include <stm32f10x_gpio.h>
      5          #include <stm32f10x_rcc.h>
      6          #include <stm32f10x_usart.h>
      7          #include <stm32f10x_adc.h>
      8          #include <lcd.h>
      9          #include <Touch.h>
     10          #include <stdio.h>
     11          #include <stdlib.h>
     12          
     13          /* function prototype */
     14          void RCC_Configure(void);
     15          void GPIO_Configure(void);
     16          void EXTI_Configure(void);
     17          void NVIC_Configure(void);
     18          
     19          
     20          #include <ws2812b.h>
     21          
     22          #define NUM_LEDS    12
     23          

   \                                 In section .bss, align 4
     24          RGB_t leds[NUM_LEDS];
   \                     leds:
   \        0x0                      DS8 36
     25          
     26          //---------------------------------------------------------------------------------------------------
     27          

   \                                 In section .bss, align 2
     28          uint16_t jodo;
   \                     jodo:
   \        0x0                      DS8 2
     29          void USART1_Init(void);
     30          
     31          void EXTI15_10_IRQHandler(void);
     32          
     33          void Delay(void);
     34          
     35          

   \                                 In section .text, align 2, keep-with-next
     36          void send_com(char buf[]) {
   \                     send_com: (+1)
   \        0x0   0xB538             PUSH     {R3-R5,LR}
   \        0x2   0x0004             MOVS     R4,R0
     37          char *s = buf;
   \        0x4   0xE00D             B.N      ??send_com_0
     38          while (*s) {
     39          while (USART_GetFlagStatus(USART1, USART_FLAG_TXE) == RESET)
   \                     ??send_com_1: (+1)
   \        0x6   0x.... 0x....      LDR.W    R5,??DataTable13
   \        0xA   0x2180             MOVS     R1,#+128
   \        0xC   0x0028             MOVS     R0,R5
   \        0xE   0x.... 0x....      BL       USART_GetFlagStatus
   \       0x12   0x2800             CMP      R0,#+0
   \       0x14   0xD0F7             BEQ.N    ??send_com_1
     40          ;
     41          USART_SendData(USART1, *s++);
   \       0x16   0x7821             LDRB     R1,[R4, #+0]
   \       0x18   0xB289             UXTH     R1,R1
   \       0x1A   0x0028             MOVS     R0,R5
   \       0x1C   0x.... 0x....      BL       USART_SendData
   \       0x20   0x1C64             ADDS     R4,R4,#+1
     42          }
   \                     ??send_com_0: (+1)
   \       0x22   0x7820             LDRB     R0,[R4, #+0]
   \       0x24   0x2800             CMP      R0,#+0
   \       0x26   0xD1EE             BNE.N    ??send_com_1
     43          }
   \       0x28   0xBD31             POP      {R0,R4,R5,PC}
     44          

   \                                 In section .text, align 2, keep-with-next
     45          void send_phone(char buf[]) {
   \                     send_phone: (+1)
   \        0x0   0xB538             PUSH     {R3-R5,LR}
   \        0x2   0x0004             MOVS     R4,R0
     46          char *s = buf;
   \        0x4   0xE00D             B.N      ??send_phone_0
     47          while (*s) {
     48          while (USART_GetFlagStatus(USART2, USART_FLAG_TXE) == RESET)
   \                     ??send_phone_1: (+1)
   \        0x6   0x.... 0x....      LDR.W    R5,??DataTable13_1
   \        0xA   0x2180             MOVS     R1,#+128
   \        0xC   0x0028             MOVS     R0,R5
   \        0xE   0x.... 0x....      BL       USART_GetFlagStatus
   \       0x12   0x2800             CMP      R0,#+0
   \       0x14   0xD0F7             BEQ.N    ??send_phone_1
     49          ;
     50          USART_SendData(USART2, *s++);
   \       0x16   0x7821             LDRB     R1,[R4, #+0]
   \       0x18   0xB289             UXTH     R1,R1
   \       0x1A   0x0028             MOVS     R0,R5
   \       0x1C   0x.... 0x....      BL       USART_SendData
   \       0x20   0x1C64             ADDS     R4,R4,#+1
     51          }
   \                     ??send_phone_0: (+1)
   \       0x22   0x7820             LDRB     R0,[R4, #+0]
   \       0x24   0x2800             CMP      R0,#+0
   \       0x26   0xD1EE             BNE.N    ??send_phone_1
     52          }
   \       0x28   0xBD31             POP      {R0,R4,R5,PC}
     53          

   \                                 In section .text, align 2, keep-with-next
     54          void set_ENABLE(void) {
   \                     set_ENABLE: (+1)
   \        0x0   0xB580             PUSH     {R7,LR}
     55          	RCC_APB2PeriphClockCmd(RCC_APB2Periph_AFIO, ENABLE);	 // interrupt
   \        0x2   0x2101             MOVS     R1,#+1
   \        0x4   0x2001             MOVS     R0,#+1
   \        0x6   0x.... 0x....      BL       RCC_APB2PeriphClockCmd
     56          	RCC_APB2PeriphClockCmd(RCC_APB2Periph_GPIOE,ENABLE);     // RCC GPIO E
   \        0xA   0x2101             MOVS     R1,#+1
   \        0xC   0x2040             MOVS     R0,#+64
   \        0xE   0x.... 0x....      BL       RCC_APB2PeriphClockCmd
     57          	RCC_APB2PeriphClockCmd(RCC_APB2Periph_GPIOC,ENABLE);     // RCC GPIO C
   \       0x12   0x2101             MOVS     R1,#+1
   \       0x14   0x2010             MOVS     R0,#+16
   \       0x16   0x.... 0x....      BL       RCC_APB2PeriphClockCmd
     58          	RCC_APB2PeriphClockCmd(RCC_APB2Periph_GPIOD,ENABLE);     // RCC GPIO D
   \       0x1A   0x2101             MOVS     R1,#+1
   \       0x1C   0x2020             MOVS     R0,#+32
   \       0x1E   0x.... 0x....      BL       RCC_APB2PeriphClockCmd
     59          	RCC_APB2PeriphClockCmd(RCC_APB2Periph_ADC1, ENABLE);	 // ADC1
   \       0x22   0x2101             MOVS     R1,#+1
   \       0x24   0xF44F 0x7000      MOV      R0,#+512
   \       0x28   0x.... 0x....      BL       RCC_APB2PeriphClockCmd
     60          }
   \       0x2C   0xBD01             POP      {R0,PC}
     61          

   \                                 In section .text, align 2, keep-with-next
     62          void set_PC1(void) {
   \                     set_PC1: (+1)
   \        0x0   0xB580             PUSH     {R7,LR}
     63          	GPIO_InitTypeDef GPIO_InitStructure;
     64          	GPIO_InitStructure.GPIO_Pin = GPIO_Pin_1;
   \        0x2   0x2002             MOVS     R0,#+2
   \        0x4   0xF8AD 0x0000      STRH     R0,[SP, #+0]
     65          	GPIO_InitStructure.GPIO_Speed = GPIO_Speed_10MHz;
   \        0x8   0x2001             MOVS     R0,#+1
   \        0xA   0xF88D 0x0002      STRB     R0,[SP, #+2]
     66          	GPIO_InitStructure.GPIO_Mode = GPIO_Mode_AIN;
   \        0xE   0x2000             MOVS     R0,#+0
   \       0x10   0xF88D 0x0003      STRB     R0,[SP, #+3]
     67          	GPIO_Init(GPIOC, &GPIO_InitStructure);
   \       0x14   0x4669             MOV      R1,SP
   \       0x16   0x.... 0x....      LDR.W    R0,??DataTable13_2
   \       0x1A   0x.... 0x....      BL       GPIO_Init
     68          }
   \       0x1E   0xBD01             POP      {R0,PC}
     69          

   \                                 In section .text, align 2, keep-with-next
     70          void set_NVIC(void) {
   \                     set_NVIC: (+1)
   \        0x0   0xB51C             PUSH     {R2-R4,LR}
     71          	NVIC_InitTypeDef NVIC_InitStructure;
     72          	NVIC_InitStructure.NVIC_IRQChannel = ADC1_2_IRQn;
   \        0x2   0x2012             MOVS     R0,#+18
   \        0x4   0xF88D 0x0000      STRB     R0,[SP, #+0]
     73          	NVIC_InitStructure.NVIC_IRQChannelPreemptionPriority = 0;
   \        0x8   0x2000             MOVS     R0,#+0
   \        0xA   0xF88D 0x0001      STRB     R0,[SP, #+1]
     74          	NVIC_InitStructure.NVIC_IRQChannelSubPriority = 0;
   \        0xE   0x2000             MOVS     R0,#+0
   \       0x10   0xF88D 0x0002      STRB     R0,[SP, #+2]
     75          	NVIC_InitStructure.NVIC_IRQChannelCmd = ENABLE;
   \       0x14   0x2001             MOVS     R0,#+1
   \       0x16   0xF88D 0x0003      STRB     R0,[SP, #+3]
     76          	NVIC_Init(&NVIC_InitStructure);
   \       0x1A   0x4668             MOV      R0,SP
   \       0x1C   0x.... 0x....      BL       NVIC_Init
     77          	ADC_ITConfig(ADC1, ADC_IT_EOC, ENABLE);
   \       0x20   0x.... 0x....      LDR.W    R4,??DataTable13_3
   \       0x24   0x2201             MOVS     R2,#+1
   \       0x26   0xF44F 0x7108      MOV      R1,#+544
   \       0x2A   0x0020             MOVS     R0,R4
   \       0x2C   0x.... 0x....      BL       ADC_ITConfig
     78          	ADC_Cmd(ADC1, ENABLE);
   \       0x30   0x2101             MOVS     R1,#+1
   \       0x32   0x0020             MOVS     R0,R4
   \       0x34   0x.... 0x....      BL       ADC_Cmd
     79          }
   \       0x38   0xBD13             POP      {R0,R1,R4,PC}

   \                                 In section .text, align 2, keep-with-next
     80          void set_ADC(void) {
   \                     set_ADC: (+1)
   \        0x0   0xB518             PUSH     {R3,R4,LR}
   \        0x2   0xB085             SUB      SP,SP,#+20
     81          	ADC_InitTypeDef ADC_InitStructure;
     82          	ADC_DeInit(ADC1);
   \        0x4   0x.... 0x....      LDR.W    R4,??DataTable13_3
   \        0x8   0x0020             MOVS     R0,R4
   \        0xA   0x.... 0x....      BL       ADC_DeInit
     83          	ADC_InitStructure.ADC_Mode = ADC_Mode_Independent;
   \        0xE   0x2000             MOVS     R0,#+0
   \       0x10   0x9000             STR      R0,[SP, #+0]
     84          	ADC_InitStructure.ADC_ScanConvMode = ENABLE;
   \       0x12   0x2001             MOVS     R0,#+1
   \       0x14   0xF88D 0x0004      STRB     R0,[SP, #+4]
     85          	ADC_InitStructure.ADC_ContinuousConvMode = ENABLE;
   \       0x18   0x2001             MOVS     R0,#+1
   \       0x1A   0xF88D 0x0005      STRB     R0,[SP, #+5]
     86          	ADC_InitStructure.ADC_ExternalTrigConv = ADC_ExternalTrigConv_None;
   \       0x1E   0xF45F 0x2060      MOVS     R0,#+917504
   \       0x22   0x9002             STR      R0,[SP, #+8]
     87          	ADC_InitStructure.ADC_DataAlign = ADC_DataAlign_Right;
   \       0x24   0x2000             MOVS     R0,#+0
   \       0x26   0x9003             STR      R0,[SP, #+12]
     88          	ADC_InitStructure.ADC_NbrOfChannel = 1;
   \       0x28   0x2001             MOVS     R0,#+1
   \       0x2A   0xF88D 0x0010      STRB     R0,[SP, #+16]
     89          	ADC_RegularChannelConfig(ADC1, ADC_Channel_11, 1, ADC_SampleTime_239Cycles5);
   \       0x2E   0x2307             MOVS     R3,#+7
   \       0x30   0x2201             MOVS     R2,#+1
   \       0x32   0x210B             MOVS     R1,#+11
   \       0x34   0x0020             MOVS     R0,R4
   \       0x36   0x.... 0x....      BL       ADC_RegularChannelConfig
     90          	ADC_Init(ADC1, &ADC_InitStructure);
   \       0x3A   0x4669             MOV      R1,SP
   \       0x3C   0x0020             MOVS     R0,R4
   \       0x3E   0x.... 0x....      BL       ADC_Init
     91          }
   \       0x42   0xB006             ADD      SP,SP,#+24
   \       0x44   0xBD10             POP      {R4,PC}

   \                                 In section .text, align 2, keep-with-next
     92          void ADC_start(void) {
   \                     ADC_start: (+1)
   \        0x0   0xB510             PUSH     {R4,LR}
     93          	ADC_ResetCalibration(ADC1);
   \        0x2   0x.... 0x....      LDR.W    R4,??DataTable13_3
   \        0x6   0x0020             MOVS     R0,R4
   \        0x8   0x.... 0x....      BL       ADC_ResetCalibration
     94          	while(ADC_GetResetCalibrationStatus(ADC1));
   \                     ??ADC_start_0: (+1)
   \        0xC   0x0020             MOVS     R0,R4
   \        0xE   0x.... 0x....      BL       ADC_GetResetCalibrationStatus
   \       0x12   0x2800             CMP      R0,#+0
   \       0x14   0xD1FA             BNE.N    ??ADC_start_0
     95          	ADC_StartCalibration(ADC1);
   \       0x16   0x0020             MOVS     R0,R4
   \       0x18   0x.... 0x....      BL       ADC_StartCalibration
     96          	while(ADC_GetCalibrationStatus(ADC1));
   \                     ??ADC_start_1: (+1)
   \       0x1C   0x0020             MOVS     R0,R4
   \       0x1E   0x.... 0x....      BL       ADC_GetCalibrationStatus
   \       0x22   0x2800             CMP      R0,#+0
   \       0x24   0xD1FA             BNE.N    ??ADC_start_1
     97          	ADC_SoftwareStartConvCmd(ADC1, ENABLE);
   \       0x26   0x2101             MOVS     R1,#+1
   \       0x28   0x0020             MOVS     R0,R4
   \       0x2A   0x.... 0x....      BL       ADC_SoftwareStartConvCmd
     98          }
   \       0x2E   0xBD10             POP      {R4,PC}
     99          
    100          
    101          

   \                                 In section .text, align 2, keep-with-next
    102          void ADC1_2_IRQHandler(void) {
   \                     ADC1_2_IRQHandler: (+1)
   \        0x0   0xB510             PUSH     {R4,LR}
    103          	uint16_t input;
    104          	u8 str[10];
    105          	double result;
    106          //
    107          ////	while(ADC_GetFlagStatus(ADC1, 0x2)==RESET);
    108          	input = ADC_GetConversionValue(ADC1);
   \        0x2   0x.... 0x....      LDR.W    R4,??DataTable13_3
   \        0x6   0x0020             MOVS     R0,R4
   \        0x8   0x.... 0x....      BL       ADC_GetConversionValue
    109          	result = (double)input;
   \        0xC   0xB280             UXTH     R0,R0
   \        0xE   0x.... 0x....      BL       __aeabi_ui2d
    110          	jodo = result;
                 	     ^
Warning[Pa093]: implicit conversion from floating point to integer

  	u8 str[10];
  	   ^
"C:\Users\NAINSOO\Desktop\programming\project_test\user\main.c",104  Warning[Pe177]: 
          variable "str" was declared but never referenced
   \       0x12   0x.... 0x....      BL       __aeabi_d2iz
   \       0x16   0x.... 0x....      LDR.W    R1,??DataTable13_4
   \       0x1A   0x8008             STRH     R0,[R1, #+0]
    111          	ADC_ClearITPendingBit(ADC1,ADC_IT_EOC);
   \       0x1C   0xF44F 0x7108      MOV      R1,#+544
   \       0x20   0x0020             MOVS     R0,R4
   \       0x22   0x.... 0x....      BL       ADC_ClearITPendingBit
    112          	//	LCD_DrawRectangle(pix_x, pix_y, pix_x+10, pix_y+10);
    113          }
   \       0x26   0xBD10             POP      {R4,PC}
    114          

   \                                 In section .text, align 2, keep-with-next
    115          void USART1_Init(void)
    116          {
   \                     USART1_Init: (+1)
   \        0x0   0xB510             PUSH     {R4,LR}
   \        0x2   0xB086             SUB      SP,SP,#+24
    117            USART_InitTypeDef usart1_init_struct;
    118            GPIO_InitTypeDef gpioa_init_struct;
    119            NVIC_InitTypeDef NVIC_InitStructure;
    120          
    121            RCC_APB2PeriphClockCmd(RCC_APB2Periph_USART1 | RCC_APB2Periph_AFIO |
    122           RCC_APB2Periph_GPIOA, ENABLE);
   \        0x4   0x2101             MOVS     R1,#+1
   \        0x6   0xF244 0x0005      MOVW     R0,#+16389
   \        0xA   0x.... 0x....      BL       RCC_APB2PeriphClockCmd
    123          
    124            gpioa_init_struct.GPIO_Pin = GPIO_Pin_9;
   \        0xE   0xF44F 0x7000      MOV      R0,#+512
   \       0x12   0xF8AD 0x0000      STRH     R0,[SP, #+0]
    125            gpioa_init_struct.GPIO_Speed = GPIO_Speed_50MHz;
   \       0x16   0x2003             MOVS     R0,#+3
   \       0x18   0xF88D 0x0002      STRB     R0,[SP, #+2]
    126            gpioa_init_struct.GPIO_Mode = GPIO_Mode_AF_PP;
   \       0x1C   0x2018             MOVS     R0,#+24
   \       0x1E   0xF88D 0x0003      STRB     R0,[SP, #+3]
    127            GPIO_Init(GPIOA, &gpioa_init_struct);
   \       0x22   0x.... 0x....      LDR.W    R4,??DataTable13_5
   \       0x26   0x4669             MOV      R1,SP
   \       0x28   0x0020             MOVS     R0,R4
   \       0x2A   0x.... 0x....      BL       GPIO_Init
    128            gpioa_init_struct.GPIO_Pin = GPIO_Pin_10;
   \       0x2E   0xF44F 0x6080      MOV      R0,#+1024
   \       0x32   0xF8AD 0x0000      STRH     R0,[SP, #+0]
    129            gpioa_init_struct.GPIO_Speed = GPIO_Speed_50MHz;
   \       0x36   0x2003             MOVS     R0,#+3
   \       0x38   0xF88D 0x0002      STRB     R0,[SP, #+2]
    130            gpioa_init_struct.GPIO_Mode = GPIO_Mode_IN_FLOATING;
   \       0x3C   0x2004             MOVS     R0,#+4
   \       0x3E   0xF88D 0x0003      STRB     R0,[SP, #+3]
    131            GPIO_Init(GPIOA, &gpioa_init_struct);
   \       0x42   0x4669             MOV      R1,SP
   \       0x44   0x0020             MOVS     R0,R4
   \       0x46   0x.... 0x....      BL       GPIO_Init
    132          
    133            usart1_init_struct.USART_BaudRate = 9600;
   \       0x4A   0xF44F 0x5016      MOV      R0,#+9600
   \       0x4E   0x9002             STR      R0,[SP, #+8]
    134            usart1_init_struct.USART_WordLength = USART_WordLength_8b;
   \       0x50   0x2000             MOVS     R0,#+0
   \       0x52   0xF8AD 0x000C      STRH     R0,[SP, #+12]
    135            usart1_init_struct.USART_StopBits = USART_StopBits_1;
   \       0x56   0x2000             MOVS     R0,#+0
   \       0x58   0xF8AD 0x000E      STRH     R0,[SP, #+14]
    136            usart1_init_struct.USART_Parity = USART_Parity_No;
   \       0x5C   0x2000             MOVS     R0,#+0
   \       0x5E   0xF8AD 0x0010      STRH     R0,[SP, #+16]
    137            usart1_init_struct.USART_Mode = USART_Mode_Rx | USART_Mode_Tx;
   \       0x62   0x200C             MOVS     R0,#+12
   \       0x64   0xF8AD 0x0012      STRH     R0,[SP, #+18]
    138            usart1_init_struct.USART_HardwareFlowControl = USART_HardwareFlowControl_None;
   \       0x68   0x2000             MOVS     R0,#+0
   \       0x6A   0xF8AD 0x0014      STRH     R0,[SP, #+20]
    139            USART_Init(USART1, &usart1_init_struct);
   \       0x6E   0x....             LDR.N    R4,??DataTable13
   \       0x70   0xA902             ADD      R1,SP,#+8
   \       0x72   0x0020             MOVS     R0,R4
   \       0x74   0x.... 0x....      BL       USART_Init
    140            USART_Cmd(USART1, ENABLE);
   \       0x78   0x2101             MOVS     R1,#+1
   \       0x7A   0x0020             MOVS     R0,R4
   \       0x7C   0x.... 0x....      BL       USART_Cmd
    141            USART_ITConfig(USART1, USART_IT_RXNE, ENABLE);
   \       0x80   0x2201             MOVS     R2,#+1
   \       0x82   0xF240 0x5125      MOVW     R1,#+1317
   \       0x86   0x0020             MOVS     R0,R4
   \       0x88   0x.... 0x....      BL       USART_ITConfig
    142          
    143            NVIC_InitStructure.NVIC_IRQChannel = USART1_IRQn;
   \       0x8C   0x2025             MOVS     R0,#+37
   \       0x8E   0xF88D 0x0004      STRB     R0,[SP, #+4]
    144            NVIC_InitStructure.NVIC_IRQChannelPreemptionPriority = 0x01;
   \       0x92   0x2001             MOVS     R0,#+1
   \       0x94   0xF88D 0x0005      STRB     R0,[SP, #+5]
    145            NVIC_InitStructure.NVIC_IRQChannelSubPriority = 0x01;
   \       0x98   0x2001             MOVS     R0,#+1
   \       0x9A   0xF88D 0x0006      STRB     R0,[SP, #+6]
    146            NVIC_InitStructure.NVIC_IRQChannelCmd = ENABLE;
   \       0x9E   0x2001             MOVS     R0,#+1
   \       0xA0   0xF88D 0x0007      STRB     R0,[SP, #+7]
    147            NVIC_Init(&NVIC_InitStructure);
   \       0xA4   0xA801             ADD      R0,SP,#+4
   \       0xA6   0x.... 0x....      BL       NVIC_Init
    148          }
   \       0xAA   0xB006             ADD      SP,SP,#+24
   \       0xAC   0xBD10             POP      {R4,PC}

   \                                 In section .text, align 2, keep-with-next
    149          void USART2_Init(void)
    150          {
   \                     USART2_Init: (+1)
   \        0x0   0xB510             PUSH     {R4,LR}
   \        0x2   0xB086             SUB      SP,SP,#+24
    151            USART_InitTypeDef usart2_init_struct;
    152            GPIO_InitTypeDef gpioa_init_struct;
    153            NVIC_InitTypeDef NVIC_InitStructure;
    154          
    155            RCC_APB1PeriphClockCmd(RCC_APB1Periph_USART2|  RCC_APB2Periph_AFIO |
    156           RCC_APB2Periph_GPIOA, ENABLE);
   \        0x4   0x2101             MOVS     R1,#+1
   \        0x6   0x....             LDR.N    R0,??DataTable13_6
   \        0x8   0x.... 0x....      BL       RCC_APB1PeriphClockCmd
    157          
    158            // tx, rx ¼³Á¤
    159            gpioa_init_struct.GPIO_Pin = GPIO_Pin_2;
   \        0xC   0x2004             MOVS     R0,#+4
   \        0xE   0xF8AD 0x0000      STRH     R0,[SP, #+0]
    160            gpioa_init_struct.GPIO_Speed = GPIO_Speed_50MHz;
   \       0x12   0x2003             MOVS     R0,#+3
   \       0x14   0xF88D 0x0002      STRB     R0,[SP, #+2]
    161            gpioa_init_struct.GPIO_Mode = GPIO_Mode_AF_PP;
   \       0x18   0x2018             MOVS     R0,#+24
   \       0x1A   0xF88D 0x0003      STRB     R0,[SP, #+3]
    162            GPIO_Init(GPIOA, &gpioa_init_struct);
   \       0x1E   0x....             LDR.N    R4,??DataTable13_5
   \       0x20   0x4669             MOV      R1,SP
   \       0x22   0x0020             MOVS     R0,R4
   \       0x24   0x.... 0x....      BL       GPIO_Init
    163          
    164            gpioa_init_struct.GPIO_Pin = GPIO_Pin_3;
   \       0x28   0x2008             MOVS     R0,#+8
   \       0x2A   0xF8AD 0x0000      STRH     R0,[SP, #+0]
    165            gpioa_init_struct.GPIO_Speed = GPIO_Speed_50MHz;
   \       0x2E   0x2003             MOVS     R0,#+3
   \       0x30   0xF88D 0x0002      STRB     R0,[SP, #+2]
    166            gpioa_init_struct.GPIO_Mode = GPIO_Mode_IN_FLOATING;
   \       0x34   0x2004             MOVS     R0,#+4
   \       0x36   0xF88D 0x0003      STRB     R0,[SP, #+3]
    167            GPIO_Init(GPIOA, &gpioa_init_struct);
   \       0x3A   0x4669             MOV      R1,SP
   \       0x3C   0x0020             MOVS     R0,R4
   \       0x3E   0x.... 0x....      BL       GPIO_Init
    168          
    169            usart2_init_struct.USART_BaudRate = 9600;
   \       0x42   0xF44F 0x5016      MOV      R0,#+9600
   \       0x46   0x9002             STR      R0,[SP, #+8]
    170            usart2_init_struct.USART_WordLength = USART_WordLength_8b;
   \       0x48   0x2000             MOVS     R0,#+0
   \       0x4A   0xF8AD 0x000C      STRH     R0,[SP, #+12]
    171            usart2_init_struct.USART_StopBits = USART_StopBits_1;
   \       0x4E   0x2000             MOVS     R0,#+0
   \       0x50   0xF8AD 0x000E      STRH     R0,[SP, #+14]
    172            usart2_init_struct.USART_Parity = USART_Parity_No;
   \       0x54   0x2000             MOVS     R0,#+0
   \       0x56   0xF8AD 0x0010      STRH     R0,[SP, #+16]
    173            usart2_init_struct.USART_Mode = USART_Mode_Rx | USART_Mode_Tx;
   \       0x5A   0x200C             MOVS     R0,#+12
   \       0x5C   0xF8AD 0x0012      STRH     R0,[SP, #+18]
    174            usart2_init_struct.USART_HardwareFlowControl = USART_HardwareFlowControl_None;
   \       0x60   0x2000             MOVS     R0,#+0
   \       0x62   0xF8AD 0x0014      STRH     R0,[SP, #+20]
    175            USART_Init(USART2, &usart2_init_struct);
   \       0x66   0x....             LDR.N    R4,??DataTable13_1
   \       0x68   0xA902             ADD      R1,SP,#+8
   \       0x6A   0x0020             MOVS     R0,R4
   \       0x6C   0x.... 0x....      BL       USART_Init
    176            USART_Cmd(USART2, ENABLE);
   \       0x70   0x2101             MOVS     R1,#+1
   \       0x72   0x0020             MOVS     R0,R4
   \       0x74   0x.... 0x....      BL       USART_Cmd
    177            USART_ITConfig(USART2, USART_IT_RXNE, ENABLE);
   \       0x78   0x2201             MOVS     R2,#+1
   \       0x7A   0xF240 0x5125      MOVW     R1,#+1317
   \       0x7E   0x0020             MOVS     R0,R4
   \       0x80   0x.... 0x....      BL       USART_ITConfig
    178          
    179            NVIC_InitStructure.NVIC_IRQChannel = USART2_IRQn;
   \       0x84   0x2026             MOVS     R0,#+38
   \       0x86   0xF88D 0x0004      STRB     R0,[SP, #+4]
    180            NVIC_InitStructure.NVIC_IRQChannelPreemptionPriority = 0x01;
   \       0x8A   0x2001             MOVS     R0,#+1
   \       0x8C   0xF88D 0x0005      STRB     R0,[SP, #+5]
    181            NVIC_InitStructure.NVIC_IRQChannelSubPriority = 0x01;
   \       0x90   0x2001             MOVS     R0,#+1
   \       0x92   0xF88D 0x0006      STRB     R0,[SP, #+6]
    182            NVIC_InitStructure.NVIC_IRQChannelCmd = ENABLE;
   \       0x96   0x2001             MOVS     R0,#+1
   \       0x98   0xF88D 0x0007      STRB     R0,[SP, #+7]
    183            NVIC_Init(&NVIC_InitStructure);
   \       0x9C   0xA801             ADD      R0,SP,#+4
   \       0x9E   0x.... 0x....      BL       NVIC_Init
    184          
    185          }
   \       0xA2   0xB006             ADD      SP,SP,#+24
   \       0xA4   0xBD10             POP      {R4,PC}

   \                                 In section .text, align 2, keep-with-next
    186          void USART1_IRQHandler() {
   \                     USART1_IRQHandler: (+1)
   \        0x0   0xB538             PUSH     {R3-R5,LR}
    187          
    188          uint16_t word;
    189                  if(USART_GetITStatus(USART1,USART_IT_RXNE)!=RESET){
   \        0x2   0x....             LDR.N    R4,??DataTable13
   \        0x4   0xF240 0x5525      MOVW     R5,#+1317
   \        0x8   0x0029             MOVS     R1,R5
   \        0xA   0x0020             MOVS     R0,R4
   \        0xC   0x.... 0x....      BL       USART_GetITStatus
   \       0x10   0x2800             CMP      R0,#+0
   \       0x12   0xD00B             BEQ.N    ??USART1_IRQHandler_0
    190                  word = USART_ReceiveData(USART1);
   \       0x14   0x0020             MOVS     R0,R4
   \       0x16   0x.... 0x....      BL       USART_ReceiveData
   \       0x1A   0x0001             MOVS     R1,R0
    191                  USART_SendData(USART2, word);
   \       0x1C   0xB289             UXTH     R1,R1
   \       0x1E   0x....             LDR.N    R0,??DataTable13_1
   \       0x20   0x.... 0x....      BL       USART_SendData
    192                  USART_ClearITPendingBit(USART1,USART_IT_RXNE);
   \       0x24   0x0029             MOVS     R1,R5
   \       0x26   0x0020             MOVS     R0,R4
   \       0x28   0x.... 0x....      BL       USART_ClearITPendingBit
    193              }
    194          }
   \                     ??USART1_IRQHandler_0: (+1)
   \       0x2C   0xBD31             POP      {R0,R4,R5,PC}
    195          

   \                                 In section .bss, align 4
    196          int address = 0;
   \                     address:
   \        0x0                      DS8 4

   \                                 In section .bss, align 4
    197          int auto_mode =  0 ;
   \                     auto_mode:
   \        0x0                      DS8 4
    198          

   \                                 In section .bss, align 4
    199          unsigned char  RGB_array[4]; 
   \                     RGB_array:
   \        0x0                      DS8 4

   \                                 In section .bss, align 2
    200          uint16_t test00 ;
   \                     test00:
   \        0x0                      DS8 2
    201          

   \                                 In section .text, align 2, keep-with-next
    202          void USART2_IRQHandler(void) {
   \                     USART2_IRQHandler: (+1)
   \        0x0   0xB570             PUSH     {R4-R6,LR}
    203            uint16_t word;
    204            
    205                 if(USART_GetITStatus(USART2,USART_IT_RXNE)!=RESET){
   \        0x2   0x....             LDR.N    R4,??DataTable13_1
   \        0x4   0xF240 0x5525      MOVW     R5,#+1317
   \        0x8   0x0029             MOVS     R1,R5
   \        0xA   0x0020             MOVS     R0,R4
   \        0xC   0x.... 0x....      BL       USART_GetITStatus
   \       0x10   0x2800             CMP      R0,#+0
   \       0x12   0xD021             BEQ.N    ??USART2_IRQHandler_0
    206                    word =  USART_ReceiveData(USART2);
   \       0x14   0x0020             MOVS     R0,R4
   \       0x16   0x.... 0x....      BL       USART_ReceiveData
   \       0x1A   0x0006             MOVS     R6,R0
    207                    USART_SendData(USART1, word);
   \       0x1C   0x0031             MOVS     R1,R6
   \       0x1E   0xB289             UXTH     R1,R1
   \       0x20   0x....             LDR.N    R0,??DataTable13
   \       0x22   0x.... 0x....      BL       USART_SendData
    208                    test00 = word;
   \       0x26   0x....             LDR.N    R0,??DataTable13_7
   \       0x28   0x8006             STRH     R6,[R0, #+0]
    209                    
    210                   
    211                     
    212                    if(address <4){
   \       0x2A   0x....             LDR.N    R0,??DataTable13_8
   \       0x2C   0x6801             LDR      R1,[R0, #+0]
   \       0x2E   0x2904             CMP      R1,#+4
   \       0x30   0xDA03             BGE.N    ??USART2_IRQHandler_1
    213                          RGB_array[address] =  (unsigned char) word;
   \       0x32   0x....             LDR.N    R1,??DataTable13_9
   \       0x34   0x6802             LDR      R2,[R0, #+0]
   \       0x36   0x548E             STRB     R6,[R1, R2]
   \       0x38   0xE002             B.N      ??USART2_IRQHandler_2
    214                    }
    215                    else{
    216                      auto_mode = word;
   \                     ??USART2_IRQHandler_1: (+1)
   \       0x3A   0xB2B6             UXTH     R6,R6
   \       0x3C   0x....             LDR.N    R1,??DataTable13_10
   \       0x3E   0x600E             STR      R6,[R1, #+0]
    217                    }
    218                    address = (address + 1)%5;
   \                     ??USART2_IRQHandler_2: (+1)
   \       0x40   0x6801             LDR      R1,[R0, #+0]
   \       0x42   0x1C49             ADDS     R1,R1,#+1
   \       0x44   0x2205             MOVS     R2,#+5
   \       0x46   0xFB91 0xF3F2      SDIV     R3,R1,R2
   \       0x4A   0xFB02 0x1113      MLS      R1,R2,R3,R1
   \       0x4E   0x6001             STR      R1,[R0, #+0]
    219                    USART_ClearITPendingBit(USART2, USART_IT_RXNE);
   \       0x50   0x0029             MOVS     R1,R5
   \       0x52   0x0020             MOVS     R0,R4
   \       0x54   0x.... 0x....      BL       USART_ClearITPendingBit
    220                
    221                 }
    222          }
   \                     ??USART2_IRQHandler_0: (+1)
   \       0x58   0xBD70             POP      {R4-R6,PC}
    223          
    224          

   \                                 In section .text, align 2, keep-with-next
    225          int scopeValue(int num){
    226            if(num <0 ){
   \                     scopeValue: (+1)
   \        0x0   0x2800             CMP      R0,#+0
   \        0x2   0xD500             BPL.N    ??scopeValue_0
    227              num = 0;
   \        0x4   0x2000             MOVS     R0,#+0
    228            }
    229            if(num>255){
   \                     ??scopeValue_0: (+1)
   \        0x6   0xF5B0 0x7F80      CMP      R0,#+256
   \        0xA   0xDB00             BLT.N    ??scopeValue_1
    230              num = 255;
   \        0xC   0x20FF             MOVS     R0,#+255
    231            }
    232            
    233            return num;
   \                     ??scopeValue_1: (+1)
   \        0xE   0x4770             BX       LR
    234            
    235          }
    236          

   \                                 In section .text, align 2, keep-with-next
    237          void turnLED(){
   \                     turnLED: (+1)
   \        0x0   0xB5F8             PUSH     {R3-R7,LR}
    238                unsigned char  temp_array[4]; 
    239                for(int i= 0;i<4;i++){
   \        0x2   0x2000             MOVS     R0,#+0
   \        0x4   0xE004             B.N      ??turnLED_0
    240                  temp_array[i] = RGB_array[i];
   \                     ??turnLED_1: (+1)
   \        0x6   0x....             LDR.N    R1,??DataTable13_9
   \        0x8   0x5C09             LDRB     R1,[R1, R0]
   \        0xA   0x466A             MOV      R2,SP
   \        0xC   0x5411             STRB     R1,[R2, R0]
    241                }
   \        0xE   0x1C40             ADDS     R0,R0,#+1
   \                     ??turnLED_0: (+1)
   \       0x10   0x2804             CMP      R0,#+4
   \       0x12   0xDBF8             BLT.N    ??turnLED_1
    242               
    243                if( temp_array[3] == 0){
   \       0x14   0x466C             MOV      R4,SP
   \       0x16   0x78E0             LDRB     R0,[R4, #+3]
   \       0x18   0x2800             CMP      R0,#+0
   \       0x1A   0xD119             BNE.N    ??turnLED_2
    244                  for(int i=0;i<NUM_LEDS;i++){    
   \       0x1C   0x2000             MOVS     R0,#+0
   \       0x1E   0xE010             B.N      ??turnLED_3
    245                        leds[i].r = 255 ;
   \                     ??turnLED_4: (+1)
   \       0x20   0x22FF             MOVS     R2,#+255
   \       0x22   0x....             LDR.N    R1,??DataTable13_11
   \       0x24   0x2303             MOVS     R3,#+3
   \       0x26   0xFB03 0xF300      MUL      R3,R3,R0
   \       0x2A   0x54CA             STRB     R2,[R1, R3]
    246                        leds[i].g =255 ;
   \       0x2C   0x2303             MOVS     R3,#+3
   \       0x2E   0xFB03 0xF300      MUL      R3,R3,R0
   \       0x32   0x440B             ADD      R3,R1,R3
   \       0x34   0x705A             STRB     R2,[R3, #+1]
    247                        leds[i].b = 255 ;
   \       0x36   0x2303             MOVS     R3,#+3
   \       0x38   0xFB03 0xF300      MUL      R3,R3,R0
   \       0x3C   0x4419             ADD      R1,R1,R3
   \       0x3E   0x708A             STRB     R2,[R1, #+2]
    248                  }
   \       0x40   0x1C40             ADDS     R0,R0,#+1
   \                     ??turnLED_3: (+1)
   \       0x42   0x280C             CMP      R0,#+12
   \       0x44   0xDBEC             BLT.N    ??turnLED_4
    249                   ws2812b_SendRGB(leds, NUM_LEDS);
   \       0x46   0x210C             MOVS     R1,#+12
   \       0x48   0x....             LDR.N    R0,??DataTable13_11
   \       0x4A   0x.... 0x....      BL       ws2812b_SendRGB
    250          
    251                   return;
   \       0x4E   0xE031             B.N      ??turnLED_5
    252                }
    253               
    254             while (!ws2812b_IsReady())  ;  // wait
   \                     ??turnLED_2: (+1)
   \       0x50   0x.... 0x....      BL       ws2812b_IsReady
   \       0x54   0x2800             CMP      R0,#+0
   \       0x56   0xD0FB             BEQ.N    ??turnLED_2
    255                    int brightness = 255 - temp_array[3];
   \       0x58   0x78E5             LDRB     R5,[R4, #+3]
   \       0x5A   0xF1D5 0x05FF      RSBS     R5,R5,#+255
    256                    for(int i=0;i<NUM_LEDS;i++){    
   \       0x5E   0x2600             MOVS     R6,#+0
   \       0x60   0xE022             B.N      ??turnLED_6
    257                      leds[i].r = scopeValue(((255 - temp_array[0]) + brightness )) ;
   \                     ??turnLED_7: (+1)
   \       0x62   0x....             LDR.N    R7,??DataTable13_11
   \       0x64   0xF89D 0x0000      LDRB     R0,[SP, #+0]
   \       0x68   0xF1D0 0x00FF      RSBS     R0,R0,#+255
   \       0x6C   0x1828             ADDS     R0,R5,R0
   \       0x6E   0x.... 0x....      BL       scopeValue
   \       0x72   0x2103             MOVS     R1,#+3
   \       0x74   0xFB01 0xF106      MUL      R1,R1,R6
   \       0x78   0x5478             STRB     R0,[R7, R1]
    258                      leds[i].g =scopeValue( ((255 - temp_array[1])+ brightness ) ) ;
   \       0x7A   0x7860             LDRB     R0,[R4, #+1]
   \       0x7C   0xF1D0 0x00FF      RSBS     R0,R0,#+255
   \       0x80   0x1828             ADDS     R0,R5,R0
   \       0x82   0x.... 0x....      BL       scopeValue
   \       0x86   0x2103             MOVS     R1,#+3
   \       0x88   0xFB01 0xF106      MUL      R1,R1,R6
   \       0x8C   0x4439             ADD      R1,R7,R1
   \       0x8E   0x7048             STRB     R0,[R1, #+1]
    259                      leds[i].b = scopeValue(((255 - temp_array[2]) + brightness ) );
   \       0x90   0x78A0             LDRB     R0,[R4, #+2]
   \       0x92   0xF1D0 0x00FF      RSBS     R0,R0,#+255
   \       0x96   0x1828             ADDS     R0,R5,R0
   \       0x98   0x.... 0x....      BL       scopeValue
   \       0x9C   0x2103             MOVS     R1,#+3
   \       0x9E   0xFB01 0xF106      MUL      R1,R1,R6
   \       0xA2   0x4439             ADD      R1,R7,R1
   \       0xA4   0x7088             STRB     R0,[R1, #+2]
    260                    }
   \       0xA6   0x1C76             ADDS     R6,R6,#+1
   \                     ??turnLED_6: (+1)
   \       0xA8   0x2E0C             CMP      R6,#+12
   \       0xAA   0xDBDA             BLT.N    ??turnLED_7
    261                  
    262               
    263              ws2812b_SendRGB(leds, NUM_LEDS);
   \       0xAC   0x210C             MOVS     R1,#+12
   \       0xAE   0x....             LDR.N    R0,??DataTable13_11
   \       0xB0   0x.... 0x....      BL       ws2812b_SendRGB
    264          }
   \                     ??turnLED_5: (+1)
   \       0xB4   0xBDF1             POP      {R0,R4-R7,PC}
    265                  
    266          
    267          
    268          
    269          
    270          

   \                                 In section .text, align 2, keep-with-next
    271          void Delay(void) {
    272          int i;
    273          
    274          for (i = 0; i < 20000000; i++) {}
   \                     Delay: (+1)
   \        0x0   0x2000             MOVS     R0,#+0
   \        0x2   0xE000             B.N      ??Delay_0
   \                     ??Delay_1: (+1)
   \        0x4   0x1C40             ADDS     R0,R0,#+1
   \                     ??Delay_0: (+1)
   \        0x6   0x....             LDR.N    R1,??DataTable13_12
   \        0x8   0x4288             CMP      R0,R1
   \        0xA   0xDBFB             BLT.N    ??Delay_1
    275          }
   \        0xC   0x4770             BX       LR
    276          

   \                                 In section .bss, align 4
    277          int flag_a= 0;
   \                     flag_a:
   \        0x0                      DS8 4

   \                                 In section .bss, align 4
    278          int flag_b=0;
   \                     flag_b:
   \        0x0                      DS8 4

   \                                 In section .text, align 2, keep-with-next
    279          int main() {
   \                     main: (+1)
   \        0x0   0xB57C             PUSH     {R2-R6,LR}
    280             ws2812b_Init();
   \        0x2   0x.... 0x....      BL       ws2812b_Init
    281              SystemInit();
   \        0x6   0x.... 0x....      BL       SystemInit
    282             ws2812b_Init();
   \        0xA   0x.... 0x....      BL       ws2812b_Init
    283             set_ENABLE();
   \        0xE   0x.... 0x....      BL       set_ENABLE
    284              set_PC1();
   \       0x12   0x.... 0x....      BL       set_PC1
    285              set_ADC();
   \       0x16   0x.... 0x....      BL       set_ADC
    286              set_NVIC();
   \       0x1A   0x.... 0x....      BL       set_NVIC
    287             ADC_start();
   \       0x1E   0x.... 0x....      BL       ADC_start
    288             LCD_Init();
   \       0x22   0x.... 0x....      BL       LCD_Init
    289             LCD_Clear(WHITE);   
   \       0x26   0xF64F 0x74FF      MOVW     R4,#+65535
   \       0x2A   0x0020             MOVS     R0,R4
   \       0x2C   0x.... 0x....      BL       LCD_Clear
    290            //USART1_Init();
    291              USART2_Init();
   \       0x30   0x.... 0x....      BL       USART2_Init
   \       0x34   0xE001             B.N      ??main_0
    292          
    293              while (1) {
    294            
    295                  //
    296                  // Fill leds buffer
    297                  //
    298                
    299                
    300                           LCD_ShowNum(200, 1, RGB_array[3], 4, BLACK, WHITE);
    301                      LCD_ShowNum(200, 30, RGB_array[0], 4,BLACK, WHITE);
    302                      LCD_ShowNum(200, 60, RGB_array[1],4, BLACK, WHITE);
    303                      LCD_ShowNum(200, 90, RGB_array[2],4, BLACK, WHITE);
    304                                  LCD_ShowNum(200, 120, jodo,4, BLACK, WHITE);
    305          LCD_ShowNum(200, 150, auto_mode, 4, BLACK, WHITE);
    306                  if(auto_mode==0)
    307                  {
    308                   turnLED();
   \                     ??main_1: (+1)
   \       0x36   0x.... 0x....      BL       turnLED
    309            
    310                  
    311              //     ws2812b_SendRGB(leds, NUM_LEDS);
    312                  }
   \                     ??main_0: (+1)
   \       0x3A   0x....             LDR.N    R5,??DataTable13_9
   \       0x3C   0x0020             MOVS     R0,R4
   \       0x3E   0x9001             STR      R0,[SP, #+4]
   \       0x40   0x2000             MOVS     R0,#+0
   \       0x42   0x9000             STR      R0,[SP, #+0]
   \       0x44   0x2304             MOVS     R3,#+4
   \       0x46   0x78EA             LDRB     R2,[R5, #+3]
   \       0x48   0x2101             MOVS     R1,#+1
   \       0x4A   0x20C8             MOVS     R0,#+200
   \       0x4C   0x.... 0x....      BL       LCD_ShowNum
   \       0x50   0x0020             MOVS     R0,R4
   \       0x52   0x9001             STR      R0,[SP, #+4]
   \       0x54   0x2000             MOVS     R0,#+0
   \       0x56   0x9000             STR      R0,[SP, #+0]
   \       0x58   0x2304             MOVS     R3,#+4
   \       0x5A   0x782A             LDRB     R2,[R5, #+0]
   \       0x5C   0x211E             MOVS     R1,#+30
   \       0x5E   0x20C8             MOVS     R0,#+200
   \       0x60   0x.... 0x....      BL       LCD_ShowNum
   \       0x64   0x0020             MOVS     R0,R4
   \       0x66   0x9001             STR      R0,[SP, #+4]
   \       0x68   0x2000             MOVS     R0,#+0
   \       0x6A   0x9000             STR      R0,[SP, #+0]
   \       0x6C   0x2304             MOVS     R3,#+4
   \       0x6E   0x786A             LDRB     R2,[R5, #+1]
   \       0x70   0x213C             MOVS     R1,#+60
   \       0x72   0x20C8             MOVS     R0,#+200
   \       0x74   0x.... 0x....      BL       LCD_ShowNum
   \       0x78   0x0020             MOVS     R0,R4
   \       0x7A   0x9001             STR      R0,[SP, #+4]
   \       0x7C   0x2000             MOVS     R0,#+0
   \       0x7E   0x9000             STR      R0,[SP, #+0]
   \       0x80   0x2304             MOVS     R3,#+4
   \       0x82   0x78AA             LDRB     R2,[R5, #+2]
   \       0x84   0x215A             MOVS     R1,#+90
   \       0x86   0x20C8             MOVS     R0,#+200
   \       0x88   0x.... 0x....      BL       LCD_ShowNum
   \       0x8C   0x....             LDR.N    R5,??DataTable13_4
   \       0x8E   0x0020             MOVS     R0,R4
   \       0x90   0x9001             STR      R0,[SP, #+4]
   \       0x92   0x2000             MOVS     R0,#+0
   \       0x94   0x9000             STR      R0,[SP, #+0]
   \       0x96   0x2304             MOVS     R3,#+4
   \       0x98   0x882A             LDRH     R2,[R5, #+0]
   \       0x9A   0x2178             MOVS     R1,#+120
   \       0x9C   0x20C8             MOVS     R0,#+200
   \       0x9E   0x.... 0x....      BL       LCD_ShowNum
   \       0xA2   0x....             LDR.N    R6,??DataTable13_10
   \       0xA4   0x0020             MOVS     R0,R4
   \       0xA6   0x9001             STR      R0,[SP, #+4]
   \       0xA8   0x2000             MOVS     R0,#+0
   \       0xAA   0x9000             STR      R0,[SP, #+0]
   \       0xAC   0x2304             MOVS     R3,#+4
   \       0xAE   0x6832             LDR      R2,[R6, #+0]
   \       0xB0   0x2196             MOVS     R1,#+150
   \       0xB2   0x20C8             MOVS     R0,#+200
   \       0xB4   0x.... 0x....      BL       LCD_ShowNum
   \       0xB8   0x6830             LDR      R0,[R6, #+0]
   \       0xBA   0x2800             CMP      R0,#+0
   \       0xBC   0xD0BB             BEQ.N    ??main_1
    313                  else{
    314                     int darkness = 0;
   \       0xBE   0x2000             MOVS     R0,#+0
    315                     
    316                     if (jodo <50){
   \       0xC0   0x8828             LDRH     R0,[R5, #+0]
   \       0xC2   0x2832             CMP      R0,#+50
   \       0xC4   0xDA01             BGE.N    ??main_2
    317                       darkness = 0;
   \       0xC6   0x2000             MOVS     R0,#+0
   \       0xC8   0xE005             B.N      ??main_3
    318                       
    319                     }else if (jodo<120){
   \                     ??main_2: (+1)
   \       0xCA   0x8828             LDRH     R0,[R5, #+0]
   \       0xCC   0x2878             CMP      R0,#+120
   \       0xCE   0xDA01             BGE.N    ??main_4
    320                       darkness = 90;
   \       0xD0   0x205A             MOVS     R0,#+90
   \       0xD2   0xE000             B.N      ??main_3
    321                       
    322                     }else{
    323                       darkness = 190;
   \                     ??main_4: (+1)
   \       0xD4   0x20BE             MOVS     R0,#+190
    324                     }
    325                     
    326                      for(int i=0;i<NUM_LEDS;i++){    
   \                     ??main_3: (+1)
   \       0xD6   0x2100             MOVS     R1,#+0
   \       0xD8   0xE00F             B.N      ??main_5
    327                        leds[i].r =  darkness ;
   \                     ??main_6: (+1)
   \       0xDA   0x....             LDR.N    R2,??DataTable13_11
   \       0xDC   0x2303             MOVS     R3,#+3
   \       0xDE   0xFB03 0xF301      MUL      R3,R3,R1
   \       0xE2   0x54D0             STRB     R0,[R2, R3]
    328                        leds[i].g =darkness ;
   \       0xE4   0x2303             MOVS     R3,#+3
   \       0xE6   0xFB03 0xF301      MUL      R3,R3,R1
   \       0xEA   0x4413             ADD      R3,R2,R3
   \       0xEC   0x7058             STRB     R0,[R3, #+1]
    329                        leds[i].b = darkness ;
   \       0xEE   0x2303             MOVS     R3,#+3
   \       0xF0   0xFB03 0xF301      MUL      R3,R3,R1
   \       0xF4   0x441A             ADD      R2,R2,R3
   \       0xF6   0x7090             STRB     R0,[R2, #+2]
    330                     }
   \       0xF8   0x1C49             ADDS     R1,R1,#+1
   \                     ??main_5: (+1)
   \       0xFA   0x290C             CMP      R1,#+12
   \       0xFC   0xDBED             BLT.N    ??main_6
    331                         ws2812b_SendRGB(leds, NUM_LEDS);
   \       0xFE   0x210C             MOVS     R1,#+12
   \      0x100   0x....             LDR.N    R0,??DataTable13_11
   \      0x102   0x.... 0x....      BL       ws2812b_SendRGB
   \      0x106   0xE798             B.N      ??main_0
    332          
    333                  }
    334                     
    335              
    336              
    337              }
    338          }

   \                                 In section .text, align 4, keep-with-next
   \                     ??DataTable13:
   \        0x0   0x4001'3800        DC32     0x40013800

   \                                 In section .text, align 4, keep-with-next
   \                     ??DataTable13_1:
   \        0x0   0x4000'4400        DC32     0x40004400

   \                                 In section .text, align 4, keep-with-next
   \                     ??DataTable13_2:
   \        0x0   0x4001'1000        DC32     0x40011000

   \                                 In section .text, align 4, keep-with-next
   \                     ??DataTable13_3:
   \        0x0   0x4001'2400        DC32     0x40012400

   \                                 In section .text, align 4, keep-with-next
   \                     ??DataTable13_4:
   \        0x0   0x....'....        DC32     jodo

   \                                 In section .text, align 4, keep-with-next
   \                     ??DataTable13_5:
   \        0x0   0x4001'0800        DC32     0x40010800

   \                                 In section .text, align 4, keep-with-next
   \                     ??DataTable13_6:
   \        0x0   0x0002'0005        DC32     0x20005

   \                                 In section .text, align 4, keep-with-next
   \                     ??DataTable13_7:
   \        0x0   0x....'....        DC32     test00

   \                                 In section .text, align 4, keep-with-next
   \                     ??DataTable13_8:
   \        0x0   0x....'....        DC32     address

   \                                 In section .text, align 4, keep-with-next
   \                     ??DataTable13_9:
   \        0x0   0x....'....        DC32     RGB_array

   \                                 In section .text, align 4, keep-with-next
   \                     ??DataTable13_10:
   \        0x0   0x....'....        DC32     auto_mode

   \                                 In section .text, align 4, keep-with-next
   \                     ??DataTable13_11:
   \        0x0   0x....'....        DC32     leds

   \                                 In section .text, align 4, keep-with-next
   \                     ??DataTable13_12:
   \        0x0   0x0131'2D00        DC32     0x1312d00
    339          

   Maximum stack usage in bytes:

   .cstack Function
   ------- --------
       8   ADC1_2_IRQHandler
         8   -> ADC_ClearITPendingBit
         8   -> ADC_GetConversionValue
         8   -> __aeabi_d2iz
         8   -> __aeabi_ui2d
       8   ADC_start
         8   -> ADC_GetCalibrationStatus
         8   -> ADC_GetResetCalibrationStatus
         8   -> ADC_ResetCalibration
         8   -> ADC_SoftwareStartConvCmd
         8   -> ADC_StartCalibration
       0   Delay
      16   USART1_IRQHandler
        16   -> USART_ClearITPendingBit
        16   -> USART_GetITStatus
        16   -> USART_ReceiveData
        16   -> USART_SendData
      32   USART1_Init
        32   -> GPIO_Init
        32   -> NVIC_Init
        32   -> RCC_APB2PeriphClockCmd
        32   -> USART_Cmd
        32   -> USART_ITConfig
        32   -> USART_Init
      16   USART2_IRQHandler
        16   -> USART_ClearITPendingBit
        16   -> USART_GetITStatus
        16   -> USART_ReceiveData
        16   -> USART_SendData
      32   USART2_Init
        32   -> GPIO_Init
        32   -> NVIC_Init
        32   -> RCC_APB1PeriphClockCmd
        32   -> USART_Cmd
        32   -> USART_ITConfig
        32   -> USART_Init
      24   main
        24   -> ADC_start
        24   -> LCD_Clear
        24   -> LCD_Init
        24   -> LCD_ShowNum
        24   -> SystemInit
        24   -> USART2_Init
        24   -> set_ADC
        24   -> set_ENABLE
        24   -> set_NVIC
        24   -> set_PC1
        24   -> turnLED
        24   -> ws2812b_Init
        24   -> ws2812b_SendRGB
       0   scopeValue
      16   send_com
        16   -> USART_GetFlagStatus
        16   -> USART_SendData
      16   send_phone
        16   -> USART_GetFlagStatus
        16   -> USART_SendData
      32   set_ADC
        32   -> ADC_DeInit
        32   -> ADC_Init
        32   -> ADC_RegularChannelConfig
       8   set_ENABLE
         8   -> RCC_APB2PeriphClockCmd
      16   set_NVIC
        16   -> ADC_Cmd
        16   -> ADC_ITConfig
        16   -> NVIC_Init
       8   set_PC1
         8   -> GPIO_Init
      24   turnLED
        24   -> scopeValue
        24   -> ws2812b_IsReady
        24   -> ws2812b_SendRGB


   Section sizes:

   Bytes  Function/Label
   -----  --------------
       4  ??DataTable13
       4  ??DataTable13_1
       4  ??DataTable13_10
       4  ??DataTable13_11
       4  ??DataTable13_12
       4  ??DataTable13_2
       4  ??DataTable13_3
       4  ??DataTable13_4
       4  ??DataTable13_5
       4  ??DataTable13_6
       4  ??DataTable13_7
       4  ??DataTable13_8
       4  ??DataTable13_9
      40  ADC1_2_IRQHandler
      48  ADC_start
      14  Delay
       4  RGB_array
      46  USART1_IRQHandler
     174  USART1_Init
      90  USART2_IRQHandler
     166  USART2_Init
       4  address
       4  auto_mode
       4  flag_a
       4  flag_b
       2  jodo
      36  leds
     264  main
      16  scopeValue
      42  send_com
      42  send_phone
      70  set_ADC
      46  set_ENABLE
      58  set_NVIC
      32  set_PC1
       2  test00
     182  turnLED

 
    60 bytes in section .bss
 1'382 bytes in section .text
 
 1'382 bytes of CODE memory
    60 bytes of DATA memory

Errors: none
Warnings: 2
