###############################################################################
#
# IAR ELF Linker V9.30.1.335/W64 for ARM                  27/Nov/2022  17:01:04
# Copyright 2007-2022 IAR Systems AB.
#
#    Output file  =
#        C:\Users\NAINSOO\Desktop\programming\project_test\Debug\Exe\test.out
#    Map file     =
#        C:\Users\NAINSOO\Desktop\programming\project_test\Debug\List\test.map
#    Command line =
#        -f
#        C:\Users\NAINSOO\Desktop\programming\project_test\Debug\Exe\test.out.rsp
#        (C:\Users\NAINSOO\Desktop\programming\project_test\Debug\Obj\libraries\ws2812\src\bitmap.o
#        C:\Users\NAINSOO\Desktop\programming\project_test\Debug\Obj\libraries\LCD\lcd.o
#        C:\Users\NAINSOO\Desktop\programming\project_test\Debug\Obj\user\main.o
#        C:\Users\NAINSOO\Desktop\programming\project_test\Debug\Obj\libraries\STM32F10x_StdPeriph_Driver_v3.5\src\misc.o
#        C:\Users\NAINSOO\Desktop\programming\project_test\Debug\Obj\libraries\CMSIS\DeviceSupport\Startup\startup_stm32f10x_cl.o
#        C:\Users\NAINSOO\Desktop\programming\project_test\Debug\Obj\libraries\STM32F10x_StdPeriph_Driver_v3.5\src\stm32f10x_adc.o
#        C:\Users\NAINSOO\Desktop\programming\project_test\Debug\Obj\libraries\STM32F10x_StdPeriph_Driver_v3.5\src\stm32f10x_bkp.o
#        C:\Users\NAINSOO\Desktop\programming\project_test\Debug\Obj\libraries\STM32F10x_StdPeriph_Driver_v3.5\src\stm32f10x_can.o
#        C:\Users\NAINSOO\Desktop\programming\project_test\Debug\Obj\libraries\STM32F10x_StdPeriph_Driver_v3.5\src\stm32f10x_cec.o
#        C:\Users\NAINSOO\Desktop\programming\project_test\Debug\Obj\libraries\STM32F10x_StdPeriph_Driver_v3.5\src\stm32f10x_crc.o
#        C:\Users\NAINSOO\Desktop\programming\project_test\Debug\Obj\libraries\STM32F10x_StdPeriph_Driver_v3.5\src\stm32f10x_dac.o
#        C:\Users\NAINSOO\Desktop\programming\project_test\Debug\Obj\libraries\STM32F10x_StdPeriph_Driver_v3.5\src\stm32f10x_dbgmcu.o
#        C:\Users\NAINSOO\Desktop\programming\project_test\Debug\Obj\libraries\STM32F10x_StdPeriph_Driver_v3.5\src\stm32f10x_dma.o
#        C:\Users\NAINSOO\Desktop\programming\project_test\Debug\Obj\libraries\STM32F10x_StdPeriph_Driver_v3.5\src\stm32f10x_exti.o
#        C:\Users\NAINSOO\Desktop\programming\project_test\Debug\Obj\libraries\STM32F10x_StdPeriph_Driver_v3.5\src\stm32f10x_flash.o
#        C:\Users\NAINSOO\Desktop\programming\project_test\Debug\Obj\libraries\STM32F10x_StdPeriph_Driver_v3.5\src\stm32f10x_fsmc.o
#        C:\Users\NAINSOO\Desktop\programming\project_test\Debug\Obj\libraries\STM32F10x_StdPeriph_Driver_v3.5\src\stm32f10x_gpio.o
#        C:\Users\NAINSOO\Desktop\programming\project_test\Debug\Obj\libraries\STM32F10x_StdPeriph_Driver_v3.5\src\stm32f10x_i2c.o
#        C:\Users\NAINSOO\Desktop\programming\project_test\Debug\Obj\user\stm32f10x_it.o
#        C:\Users\NAINSOO\Desktop\programming\project_test\Debug\Obj\libraries\STM32F10x_StdPeriph_Driver_v3.5\src\stm32f10x_iwdg.o
#        C:\Users\NAINSOO\Desktop\programming\project_test\Debug\Obj\libraries\STM32F10x_StdPeriph_Driver_v3.5\src\stm32f10x_pwr.o
#        C:\Users\NAINSOO\Desktop\programming\project_test\Debug\Obj\libraries\STM32F10x_StdPeriph_Driver_v3.5\src\stm32f10x_rcc.o
#        C:\Users\NAINSOO\Desktop\programming\project_test\Debug\Obj\libraries\STM32F10x_StdPeriph_Driver_v3.5\src\stm32f10x_rtc.o
#        C:\Users\NAINSOO\Desktop\programming\project_test\Debug\Obj\libraries\STM32F10x_StdPeriph_Driver_v3.5\src\stm32f10x_sdio.o
#        C:\Users\NAINSOO\Desktop\programming\project_test\Debug\Obj\libraries\STM32F10x_StdPeriph_Driver_v3.5\src\stm32f10x_spi.o
#        C:\Users\NAINSOO\Desktop\programming\project_test\Debug\Obj\libraries\STM32F10x_StdPeriph_Driver_v3.5\src\stm32f10x_tim.o
#        C:\Users\NAINSOO\Desktop\programming\project_test\Debug\Obj\libraries\STM32F10x_StdPeriph_Driver_v3.5\src\stm32f10x_usart.o
#        C:\Users\NAINSOO\Desktop\programming\project_test\Debug\Obj\libraries\STM32F10x_StdPeriph_Driver_v3.5\src\stm32f10x_wwdg.o
#        C:\Users\NAINSOO\Desktop\programming\project_test\Debug\Obj\libraries\CMSIS\DeviceSupport\system_stm32f10x.o
#        C:\Users\NAINSOO\Desktop\programming\project_test\Debug\Obj\libraries\LCD\touch.o
#        C:\Users\NAINSOO\Desktop\programming\project_test\Debug\Obj\libraries\ws2812\src\ws2812b.o
#        --no_out_extension -o
#        C:\Users\NAINSOO\Desktop\programming\project_test\Debug\Exe\test.out
#        --map
#        C:\Users\NAINSOO\Desktop\programming\project_test\Debug\List\test.map
#        --log
#        libraries,initialization,modules,redirects,sections,veneers,unused_fragments,call_graph,crt_routine_selection,fragment_info,inlining,merging,demangle
#        --log_file
#        C:\Users\NAINSOO\Desktop\programming\project_test\Debug\List\test.log
#        --config "C:\Program Files\IAR Systems\Embedded Workbench
#        9.1\arm/config/linker/ST/stm32f107xC.icf" --semihosting --entry
#        __iar_program_start --vfe --text_out locale --cpu=Cortex-M3
#        --fpu=None)
#
###############################################################################

*******************************************************************************
*** RUNTIME MODEL ATTRIBUTES
***

CppFlavor       = *
__CPP_Runtime   = 1
__SystemLibrary = DLib
__dlib_version  = 6


*******************************************************************************
*** HEAP SELECTION
***

The basic heap was selected because --advanced_heap
was not specified and the application did not appear to
be primarily optimized for speed.


*******************************************************************************
*** PLACEMENT SUMMARY
***

"A0":  place at address 0x800'0000 { ro section .intvec };
"P1":  place in [from 0x800'0000 to 0x803'ffff] { ro };
define block CSTACK with size = 4K, alignment = 8 { };
define block HEAP with size = 4K, alignment = 8 { };
"P2":  place in [from 0x2000'0000 to 0x2000'ffff] {
          rw, block CSTACK, block HEAP };
initialize by copy { rw };

  Section            Kind         Address    Size  Object
  -------            ----         -------    ----  ------
"A0":                                       0x150
  .intvec            ro code   0x800'0000   0x150  startup_stm32f10x_cl.o [2]
                             - 0x800'0150   0x150

"P1":                                      0x30a8
  .text              ro code   0x800'0150   0xa24  lcd.o [3]
  .text              ro code   0x800'0b74    0xda  stm32f10x_gpio.o [4]
  .text              ro code   0x800'0c4e    0x2a  copy_init3.o [9]
  .text              ro code   0x800'0c78   0x18c  stm32f10x_rcc.o [4]
  .rodata            const     0x800'0e04   0x5f0  lcd.o [3]
  .rodata            const     0x800'13f4   0x594  lcd.o [3]
  .text              ro code   0x800'1988   0x4dc  main.o [6]
  .text              ro code   0x800'1e64    0x70  misc.o [4]
  .text              ro code   0x800'1ed4   0x21e  stm32f10x_adc.o [4]
  .text              ro code   0x800'20f4    0x1c  U32ToDbl.o [8]
  .text              ro code   0x800'2110    0x36  DblToS32.o [8]
  .text              ro code   0x800'2148   0x1a6  stm32f10x_usart.o [4]
  .text              ro code   0x800'22f0   0x348  ws2812b.o [5]
  .text              ro code   0x800'2638   0x150  system_stm32f10x.o [1]
  .text              ro code   0x800'2788    0x66  ABImemset.o [9]
  .text              ro code   0x800'27f0    0xb4  stm32f10x_dma.o [4]
  .text              ro code   0x800'28a4   0x194  stm32f10x_tim.o [4]
  .rodata            const     0x800'2a38   0x474  lcd.o [3]
  .rodata            const     0x800'2eac   0x100  ws2812b.o [5]
  .text              ro code   0x800'2fac    0x38  zero_init3.o [9]
  .text              ro code   0x800'2fe4    0x28  data_init.o [9]
  .iar.init_table    const     0x800'300c    0x24  - Linker created -
  .text              ro code   0x800'3030    0x1e  cmain.o [9]
  .text              ro code   0x800'304e     0x4  low_level_init.o [7]
  .text              ro code   0x800'3052     0x4  exit.o [7]
  .text              ro code   0x800'3058     0xa  cexit.o [9]
  .text              ro code   0x800'3064    0x14  exit.o [10]
  .text              ro code   0x800'3078    0x1c  cstartup_M.o [9]
  Initializer bytes  const     0x800'3094    0x1c  <for P2-1>
  .text              ro code   0x800'30b0    0x12  stm32f10x_it.o [6]
  .text              ro code   0x800'30c4    0x10  startup_stm32f10x_cl.o [2]
  .rodata            const     0x800'30d4     0xc  main.o [6]
  .text              ro code   0x800'30e0     0x4  startup_stm32f10x_cl.o [2]
  .text              ro code   0x800'30e4     0x4  startup_stm32f10x_cl.o [2]
  .text              ro code   0x800'30e8     0x4  startup_stm32f10x_cl.o [2]
  .text              ro code   0x800'30ec     0x4  startup_stm32f10x_cl.o [2]
  .text              ro code   0x800'30f0     0x4  startup_stm32f10x_cl.o [2]
  .text              ro code   0x800'30f4     0x4  startup_stm32f10x_cl.o [2]
  .text              ro code   0x800'30f8     0x4  startup_stm32f10x_cl.o [2]
  .text              ro code   0x800'30fc     0x4  startup_stm32f10x_cl.o [2]
  .text              ro code   0x800'3100     0x4  startup_stm32f10x_cl.o [2]
  .text              ro code   0x800'3104     0x4  startup_stm32f10x_cl.o [2]
  .text              ro code   0x800'3108     0x4  startup_stm32f10x_cl.o [2]
  .text              ro code   0x800'310c     0x4  startup_stm32f10x_cl.o [2]
  .text              ro code   0x800'3110     0x4  startup_stm32f10x_cl.o [2]
  .text              ro code   0x800'3114     0x4  startup_stm32f10x_cl.o [2]
  .text              ro code   0x800'3118     0x4  startup_stm32f10x_cl.o [2]
  .text              ro code   0x800'311c     0x4  startup_stm32f10x_cl.o [2]
  .text              ro code   0x800'3120     0x4  startup_stm32f10x_cl.o [2]
  .text              ro code   0x800'3124     0x4  startup_stm32f10x_cl.o [2]
  .text              ro code   0x800'3128     0x4  startup_stm32f10x_cl.o [2]
  .text              ro code   0x800'312c     0x4  startup_stm32f10x_cl.o [2]
  .text              ro code   0x800'3130     0x4  startup_stm32f10x_cl.o [2]
  .text              ro code   0x800'3134     0x4  startup_stm32f10x_cl.o [2]
  .text              ro code   0x800'3138     0x4  startup_stm32f10x_cl.o [2]
  .text              ro code   0x800'313c     0x4  startup_stm32f10x_cl.o [2]
  .text              ro code   0x800'3140     0x4  startup_stm32f10x_cl.o [2]
  .text              ro code   0x800'3144     0x4  startup_stm32f10x_cl.o [2]
  .text              ro code   0x800'3148     0x4  startup_stm32f10x_cl.o [2]
  .text              ro code   0x800'314c     0x4  startup_stm32f10x_cl.o [2]
  .text              ro code   0x800'3150     0x4  startup_stm32f10x_cl.o [2]
  .text              ro code   0x800'3154     0x4  startup_stm32f10x_cl.o [2]
  .text              ro code   0x800'3158     0x4  startup_stm32f10x_cl.o [2]
  .text              ro code   0x800'315c     0x4  startup_stm32f10x_cl.o [2]
  .text              ro code   0x800'3160     0x4  startup_stm32f10x_cl.o [2]
  .text              ro code   0x800'3164     0x4  startup_stm32f10x_cl.o [2]
  .text              ro code   0x800'3168     0x4  startup_stm32f10x_cl.o [2]
  .text              ro code   0x800'316c     0x4  startup_stm32f10x_cl.o [2]
  .text              ro code   0x800'3170     0x4  startup_stm32f10x_cl.o [2]
  .text              ro code   0x800'3174     0x4  startup_stm32f10x_cl.o [2]
  .text              ro code   0x800'3178     0x4  startup_stm32f10x_cl.o [2]
  .text              ro code   0x800'317c     0x4  startup_stm32f10x_cl.o [2]
  .text              ro code   0x800'3180     0x4  startup_stm32f10x_cl.o [2]
  .text              ro code   0x800'3184     0x4  startup_stm32f10x_cl.o [2]
  .text              ro code   0x800'3188     0x4  startup_stm32f10x_cl.o [2]
  .text              ro code   0x800'318c     0x4  startup_stm32f10x_cl.o [2]
  .text              ro code   0x800'3190     0x4  startup_stm32f10x_cl.o [2]
  .text              ro code   0x800'3194     0x4  startup_stm32f10x_cl.o [2]
  .text              ro code   0x800'3198     0x4  startup_stm32f10x_cl.o [2]
  .text              ro code   0x800'319c     0x4  startup_stm32f10x_cl.o [2]
  .text              ro code   0x800'31a0     0x4  startup_stm32f10x_cl.o [2]
  .text              ro code   0x800'31a4     0x4  startup_stm32f10x_cl.o [2]
  .text              ro code   0x800'31a8     0x4  startup_stm32f10x_cl.o [2]
  .text              ro code   0x800'31ac     0x4  startup_stm32f10x_cl.o [2]
  .text              ro code   0x800'31b0     0x4  startup_stm32f10x_cl.o [2]
  .text              ro code   0x800'31b4     0x4  startup_stm32f10x_cl.o [2]
  .text              ro code   0x800'31b8     0x4  startup_stm32f10x_cl.o [2]
  .text              ro code   0x800'31bc     0x4  startup_stm32f10x_cl.o [2]
  .text              ro code   0x800'31c0     0x4  startup_stm32f10x_cl.o [2]
  .text              ro code   0x800'31c4     0x4  startup_stm32f10x_cl.o [2]
  .text              ro code   0x800'31c8     0x4  startup_stm32f10x_cl.o [2]
  .text              ro code   0x800'31cc     0x4  startup_stm32f10x_cl.o [2]
  .text              ro code   0x800'31d0     0x4  startup_stm32f10x_cl.o [2]
  .text              ro code   0x800'31d4     0x4  startup_stm32f10x_cl.o [2]
  .text              ro code   0x800'31d8     0x4  startup_stm32f10x_cl.o [2]
  .text              ro code   0x800'31dc     0x4  startup_stm32f10x_cl.o [2]
  .text              ro code   0x800'31e0     0x4  startup_stm32f10x_cl.o [2]
  .text              ro code   0x800'31e4     0x4  startup_stm32f10x_cl.o [2]
  .text              ro code   0x800'31e8     0x4  startup_stm32f10x_cl.o [2]
  .text              ro code   0x800'31ec     0x4  startup_stm32f10x_cl.o [2]
  .text              ro code   0x800'31f0     0x4  startup_stm32f10x_cl.o [2]
  .text              ro code   0x800'31f4     0x4  startup_stm32f10x_cl.o [2]
  .rodata            const     0x800'31f8     0x0  zero_init3.o [9]
  .rodata            const     0x800'31f8     0x0  copy_init3.o [9]
                             - 0x800'31f8  0x30a8

"P2", part 1 of 3:                           0x1c
  P2-1                        0x2000'0000    0x19  <Init block>
    .data            inited   0x2000'0000    0x10  stm32f10x_rcc.o [4]
    .data            inited   0x2000'0010     0x4  stm32f10x_rcc.o [4]
    .data            inited   0x2000'0014     0x4  system_stm32f10x.o [1]
    .data            inited   0x2000'0018     0x1  main.o [6]
                            - 0x2000'0019    0x19

"P2", part 2 of 3:                          0xb80
  .bss               zero     0x2000'001c   0xb40  ws2812b.o [5]
  .bss               zero     0x2000'0b5c    0x24  main.o [6]
  .bss               zero     0x2000'0b80     0x4  main.o [6]
  .bss               zero     0x2000'0b84     0x4  main.o [6]
  .bss               zero     0x2000'0b88     0x4  ws2812b.o [5]
  .bss               zero     0x2000'0b8c     0x4  ws2812b.o [5]
  .bss               zero     0x2000'0b90     0x4  ws2812b.o [5]
  .bss               zero     0x2000'0b94     0x4  ws2812b.o [5]
  .bss               zero     0x2000'0b98     0x2  lcd.o [3]
  .bss               zero     0x2000'0b9a     0x2  main.o [6]
                            - 0x2000'0b9c   0xb80

"P2", part 3 of 3:                         0x1000
  CSTACK                      0x2000'0ba0  0x1000  <Block>
    CSTACK           uninit   0x2000'0ba0  0x1000  <Block tail>
                            - 0x2000'1ba0  0x1000

Unused ranges:

         From           To      Size
         ----           --      ----
   0x800'31f8   0x803'ffff  0x3'ce08
  0x2000'0b9c  0x2000'0b9f       0x4
  0x2000'1ba0  0x2000'ffff    0xe460


*******************************************************************************
*** INIT TABLE
***

          Address      Size
          -------      ----
Zero (__iar_zero_init3)
    1 destination range, total size 0xb80:
          0x2000'001c  0xb80

Copy (__iar_copy_init3)
    1 source range, total size 0x1c (112% of destination):
           0x800'3094   0x1c
    1 destination range, total size 0x19:
          0x2000'0000   0x19



*******************************************************************************
*** MODULE SUMMARY
***

    Module                  ro code  ro data  rw data
    ------                  -------  -------  -------
command line/config:
    -------------------------------------------------
    Total:

C:\Users\NAINSOO\Desktop\programming\project_test\Debug\Obj\libraries\CMSIS\DeviceSupport: [1]
    system_stm32f10x.o          336        4        4
    -------------------------------------------------
    Total:                      336        4        4

C:\Users\NAINSOO\Desktop\programming\project_test\Debug\Obj\libraries\CMSIS\DeviceSupport\Startup: [2]
    startup_stm32f10x_cl.o      632
    -------------------------------------------------
    Total:                      632

C:\Users\NAINSOO\Desktop\programming\project_test\Debug\Obj\libraries\LCD: [3]
    lcd.o                     2'596    4'088        2
    -------------------------------------------------
    Total:                    2'596    4'088        2

C:\Users\NAINSOO\Desktop\programming\project_test\Debug\Obj\libraries\STM32F10x_StdPeriph_Driver_v3.5\src: [4]
    misc.o                      112
    stm32f10x_adc.o             542
    stm32f10x_dma.o             180
    stm32f10x_gpio.o            218
    stm32f10x_rcc.o             396       20       20
    stm32f10x_tim.o             404
    stm32f10x_usart.o           422
    -------------------------------------------------
    Total:                    2'274       20       20

C:\Users\NAINSOO\Desktop\programming\project_test\Debug\Obj\libraries\ws2812\src: [5]
    ws2812b.o                   840      256    2'896
    -------------------------------------------------
    Total:                      840      256    2'896

C:\Users\NAINSOO\Desktop\programming\project_test\Debug\Obj\user: [6]
    main.o                    1'244       13       47
    stm32f10x_it.o               18
    -------------------------------------------------
    Total:                    1'262       13       47

dl7M_tln.a: [7]
    exit.o                        4
    low_level_init.o              4
    -------------------------------------------------
    Total:                        8

m7M_tl.a: [8]
    DblToS32.o                   54
    U32ToDbl.o                   28
    -------------------------------------------------
    Total:                       82

rt7M_tl.a: [9]
    ABImemset.o                 102
    cexit.o                      10
    cmain.o                      30
    copy_init3.o                 42
    cstartup_M.o                 28
    data_init.o                  40
    zero_init3.o                 56
    -------------------------------------------------
    Total:                      308

shb_l.a: [10]
    exit.o                       20
    -------------------------------------------------
    Total:                       20

    Gaps                         14
    Linker created                        39    4'096
-----------------------------------------------------
    Grand Total:              8'372    4'420    7'065


*******************************************************************************
*** ENTRY LIST
***

Entry                       Address   Size  Type      Object
-----                       -------   ----  ----      ------
.iar.init_table$$Base    0x800'300c          --   Gb  - Linker created -
.iar.init_table$$Limit   0x800'3030          --   Gb  - Linker created -
?main                    0x800'3031         Code  Gb  cmain.o [9]
ADC1_2_IRQHandler        0x800'1a87   0x28  Code  Gb  main.o [6]
ADCPrescTable           0x2000'0010    0x4  Data  Lc  stm32f10x_rcc.o [4]
ADC_ClearITPendingBit    0x800'20e5    0xe  Code  Gb  stm32f10x_adc.o [4]
ADC_Cmd                  0x800'1f7b   0x1a  Code  Gb  stm32f10x_adc.o [4]
ADC_DeInit               0x800'1ed5   0x5c  Code  Gb  stm32f10x_adc.o [4]
ADC_GetCalibrationStatus
                         0x800'1fd9   0x12  Code  Gb  stm32f10x_adc.o [4]
ADC_GetConversionValue   0x800'20cb    0x6  Code  Gb  stm32f10x_adc.o [4]
ADC_GetResetCalibrationStatus
                         0x800'1fbd   0x12  Code  Gb  stm32f10x_adc.o [4]
ADC_ITConfig             0x800'1f95   0x1e  Code  Gb  stm32f10x_adc.o [4]
ADC_Init                 0x800'1f31   0x4a  Code  Gb  stm32f10x_adc.o [4]
ADC_RegularChannelConfig
                         0x800'2005   0xc6  Code  Gb  stm32f10x_adc.o [4]
ADC_ResetCalibration     0x800'1fb3    0xa  Code  Gb  stm32f10x_adc.o [4]
ADC_SoftwareStartConvCmd
                         0x800'1feb   0x1a  Code  Gb  stm32f10x_adc.o [4]
ADC_StartCalibration     0x800'1fcf    0xa  Code  Gb  stm32f10x_adc.o [4]
ADC_start                0x800'1a57   0x30  Code  Gb  main.o [6]
APBAHBPrescTable        0x2000'0000   0x10  Data  Lc  stm32f10x_rcc.o [4]
BusFault_Handler         0x800'30b7    0x2  Code  Gb  stm32f10x_it.o [6]
CAN1_RX0_IRQHandler      0x800'3155         Code  Wk  startup_stm32f10x_cl.o [2]
CAN1_RX1_IRQHandler      0x800'3159         Code  Wk  startup_stm32f10x_cl.o [2]
CAN1_SCE_IRQHandler      0x800'315d         Code  Wk  startup_stm32f10x_cl.o [2]
CAN1_TX_IRQHandler       0x800'3151         Code  Wk  startup_stm32f10x_cl.o [2]
CAN2_RX0_IRQHandler      0x800'31e9         Code  Wk  startup_stm32f10x_cl.o [2]
CAN2_RX1_IRQHandler      0x800'31ed         Code  Wk  startup_stm32f10x_cl.o [2]
CAN2_SCE_IRQHandler      0x800'31f1         Code  Wk  startup_stm32f10x_cl.o [2]
CAN2_TX_IRQHandler       0x800'31e5         Code  Wk  startup_stm32f10x_cl.o [2]
CSTACK$$Base            0x2000'0ba0          --   Gb  - Linker created -
CSTACK$$Limit           0x2000'1ba0          --   Gb  - Linker created -
DMA1_Channel1_IRQHandler
                         0x800'24b9   0x3c  Code  Gb  ws2812b.o [5]
DMA1_Channel2_IRQHandler
                         0x800'3135         Code  Wk  startup_stm32f10x_cl.o [2]
DMA1_Channel3_IRQHandler
                         0x800'3139         Code  Wk  startup_stm32f10x_cl.o [2]
DMA1_Channel4_IRQHandler
                         0x800'313d         Code  Wk  startup_stm32f10x_cl.o [2]
DMA1_Channel5_IRQHandler
                         0x800'3141         Code  Wk  startup_stm32f10x_cl.o [2]
DMA1_Channel6_IRQHandler
                         0x800'3145         Code  Wk  startup_stm32f10x_cl.o [2]
DMA1_Channel7_IRQHandler
                         0x800'3149         Code  Wk  startup_stm32f10x_cl.o [2]
DMA2_Channel1_IRQHandler
                         0x800'31c9         Code  Wk  startup_stm32f10x_cl.o [2]
DMA2_Channel2_IRQHandler
                         0x800'31cd         Code  Wk  startup_stm32f10x_cl.o [2]
DMA2_Channel3_IRQHandler
                         0x800'31d1         Code  Wk  startup_stm32f10x_cl.o [2]
DMA2_Channel4_IRQHandler
                         0x800'31d5         Code  Wk  startup_stm32f10x_cl.o [2]
DMA2_Channel5_IRQHandler
                         0x800'31d9         Code  Wk  startup_stm32f10x_cl.o [2]
DMABuffer               0x2000'001c  0xb40  Data  Lc  ws2812b.o [5]
DMABusy                 0x2000'0b88    0x4  Data  Lc  ws2812b.o [5]
DMACount                0x2000'0b94    0x4  Data  Lc  ws2812b.o [5]
DMAFilter               0x2000'0b8c    0x4  Data  Lc  ws2812b.o [5]
DMASend                  0x800'23bb   0x82  Code  Lc  ws2812b.o [5]
DMASendNext              0x800'243d   0x7c  Code  Lc  ws2812b.o [5]
DMASrc                  0x2000'0b90    0x4  Data  Lc  ws2812b.o [5]
DMA_ClearITPendingBit    0x800'2883   0x10  Code  Gb  stm32f10x_dma.o [4]
DMA_Cmd                  0x800'2829   0x1c  Code  Gb  stm32f10x_dma.o [4]
DMA_GetITStatus          0x800'2863   0x20  Code  Gb  stm32f10x_dma.o [4]
DMA_ITConfig             0x800'2845   0x18  Code  Gb  stm32f10x_dma.o [4]
DMA_Init                 0x800'27f1   0x38  Code  Gb  stm32f10x_dma.o [4]
DMA_SetCurrDataCounter   0x800'285d    0x6  Code  Gb  stm32f10x_dma.o [4]
DebugMon_Handler         0x800'30bd    0x2  Code  Gb  stm32f10x_it.o [6]
DeviceCode              0x2000'0b98    0x2  Data  Gb  lcd.o [3]
ETH_IRQHandler           0x800'31dd         Code  Wk  startup_stm32f10x_cl.o [2]
ETH_WKUP_IRQHandler      0x800'31e1         Code  Wk  startup_stm32f10x_cl.o [2]
EXTI0_IRQHandler         0x800'311d         Code  Wk  startup_stm32f10x_cl.o [2]
EXTI15_10_IRQHandler     0x800'31a5         Code  Wk  startup_stm32f10x_cl.o [2]
EXTI1_IRQHandler         0x800'3121         Code  Wk  startup_stm32f10x_cl.o [2]
EXTI2_IRQHandler         0x800'3125         Code  Wk  startup_stm32f10x_cl.o [2]
EXTI3_IRQHandler         0x800'3129         Code  Wk  startup_stm32f10x_cl.o [2]
EXTI4_IRQHandler         0x800'312d         Code  Wk  startup_stm32f10x_cl.o [2]
EXTI9_5_IRQHandler       0x800'3161         Code  Wk  startup_stm32f10x_cl.o [2]
FLASH_IRQHandler         0x800'3115         Code  Wk  startup_stm32f10x_cl.o [2]
GBHZ_16                  0x800'13f4  0x594  Data  Gb  lcd.o [3]
GPIO_Init                0x800'0b75   0xc2  Code  Gb  stm32f10x_gpio.o [4]
GPIO_ReadInputData       0x800'0c37    0x6  Code  Gb  stm32f10x_gpio.o [4]
GPIO_ResetBits           0x800'0c43    0x6  Code  Gb  stm32f10x_gpio.o [4]
GPIO_SetBits             0x800'0c3d    0x6  Code  Gb  stm32f10x_gpio.o [4]
GPIO_Write               0x800'0c49    0x6  Code  Gb  stm32f10x_gpio.o [4]
HardFault_Handler        0x800'30b3    0x2  Code  Gb  stm32f10x_it.o [6]
I2C1_ER_IRQHandler       0x800'3185         Code  Wk  startup_stm32f10x_cl.o [2]
I2C1_EV_IRQHandler       0x800'3181         Code  Wk  startup_stm32f10x_cl.o [2]
I2C2_ER_IRQHandler       0x800'318d         Code  Wk  startup_stm32f10x_cl.o [2]
I2C2_EV_IRQHandler       0x800'3189         Code  Wk  startup_stm32f10x_cl.o [2]
LCD_Clear                0x800'068d   0x28  Code  Gb  lcd.o [3]
LCD_Configuration        0x800'02a5   0x74  Code  Lc  lcd.o [3]
LCD_Delay                0x800'0319   0x26  Code  Lc  lcd.o [3]
LCD_Init                 0x800'0357  0x336  Code  Gb  lcd.o [3]
LCD_ReadReg              0x800'01f5   0x88  Code  Lc  lcd.o [3]
LCD_SetCursor            0x800'06b5   0x3e  Code  Gb  lcd.o [3]
LCD_ShowChar             0x800'0733   0xfc  Code  Gb  lcd.o [3]
LCD_ShowCharString       0x800'082f   0x58  Code  Gb  lcd.o [3]
LCD_ShowHzString         0x800'0af5   0x62  Code  Gb  lcd.o [3]
LCD_ShowNum              0x800'0887   0xec  Code  Gb  lcd.o [3]
LCD_ShowString           0x800'0973   0x5e  Code  Gb  lcd.o [3]
LCD_WR_DATA              0x800'01a3   0x52  Code  Lc  lcd.o [3]
LCD_WR_REG               0x800'0151   0x52  Code  Lc  lcd.o [3]
LCD_WindowMax            0x800'06f3   0x40  Code  Gb  lcd.o [3]
LCD_WriteRAM             0x800'029b    0xa  Code  Lc  lcd.o [3]
LCD_WriteRAM_Prepare     0x800'0291    0xa  Code  Lc  lcd.o [3]
LCD_WriteReg             0x800'027d   0x14  Code  Lc  lcd.o [3]
LEDGamma                 0x800'22f1    0xa  Code  Lc  ws2812b.o [5]
LEDGammaTable            0x800'2eac  0x100  Data  Lc  ws2812b.o [5]
MemManage_Handler        0x800'30b5    0x2  Code  Gb  stm32f10x_it.o [6]
NMI_Handler              0x800'30b1    0x2  Code  Gb  stm32f10x_it.o [6]
NVIC_Init                0x800'1e65   0x60  Code  Gb  misc.o [4]
OTG_FS_IRQHandler        0x800'31f5         Code  Wk  startup_stm32f10x_cl.o [2]
OTG_FS_WKUP_IRQHandler   0x800'31ad         Code  Wk  startup_stm32f10x_cl.o [2]
PVD_IRQHandler           0x800'3109         Code  Wk  startup_stm32f10x_cl.o [2]
PendSV_Handler           0x800'30bf    0x2  Code  Gb  stm32f10x_it.o [6]
RCC_AHBPeriphClockCmd    0x800'0d67   0x1c  Code  Gb  stm32f10x_rcc.o [4]
RCC_APB1PeriphClockCmd   0x800'0d9f   0x1c  Code  Gb  stm32f10x_rcc.o [4]
RCC_APB2PeriphClockCmd   0x800'0d83   0x1c  Code  Gb  stm32f10x_rcc.o [4]
RCC_APB2PeriphResetCmd   0x800'0dbb   0x1c  Code  Gb  stm32f10x_rcc.o [4]
RCC_GetClocksFreq        0x800'0c79   0xee  Code  Gb  stm32f10x_rcc.o [4]
RCC_IRQHandler           0x800'3119         Code  Wk  startup_stm32f10x_cl.o [2]
RGB2PWM                  0x800'231b   0x68  Code  Lc  ws2812b.o [5]
RTCAlarm_IRQHandler      0x800'31a9         Code  Wk  startup_stm32f10x_cl.o [2]
RTC_IRQHandler           0x800'3111         Code  Wk  startup_stm32f10x_cl.o [2]
Region$$Table$$Base      0x800'300c          --   Gb  - Linker created -
Region$$Table$$Limit     0x800'3030          --   Gb  - Linker created -
Reset_Handler            0x800'30c5         Code  Wk  startup_stm32f10x_cl.o [2]
SPI1_IRQHandler          0x800'3191         Code  Wk  startup_stm32f10x_cl.o [2]
SPI2_IRQHandler          0x800'3195         Code  Wk  startup_stm32f10x_cl.o [2]
SPI3_IRQHandler          0x800'31b5         Code  Wk  startup_stm32f10x_cl.o [2]
SVC_Handler              0x800'30bb    0x2  Code  Gb  stm32f10x_it.o [6]
SetSysClock              0x800'268b    0x8  Code  Lc  system_stm32f10x.o [1]
SetSysClockTo72          0x800'2693   0xd2  Code  Lc  system_stm32f10x.o [1]
SrcFilterNull            0x800'22fb   0x20  Code  Lc  ws2812b.o [5]
SrcFilterRGB             0x800'2383   0x38  Code  Lc  ws2812b.o [5]
SysTick_Handler          0x800'30c1    0x2  Code  Gb  stm32f10x_it.o [6]
SystemCoreClock         0x2000'0014    0x4  Data  Gb  system_stm32f10x.o [1]
SystemInit               0x800'2639   0x52  Code  Gb  system_stm32f10x.o [1]
TAMPER_IRQHandler        0x800'310d         Code  Wk  startup_stm32f10x_cl.o [2]
TIM1_BRK_IRQHandler      0x800'3165         Code  Wk  startup_stm32f10x_cl.o [2]
TIM1_CC_IRQHandler       0x800'3171         Code  Wk  startup_stm32f10x_cl.o [2]
TIM1_TRG_COM_IRQHandler
                         0x800'316d         Code  Wk  startup_stm32f10x_cl.o [2]
TIM1_UP_IRQHandler       0x800'3169         Code  Wk  startup_stm32f10x_cl.o [2]
TIM2_IRQHandler          0x800'3175         Code  Wk  startup_stm32f10x_cl.o [2]
TIM3_IRQHandler          0x800'3179         Code  Wk  startup_stm32f10x_cl.o [2]
TIM4_IRQHandler          0x800'317d         Code  Wk  startup_stm32f10x_cl.o [2]
TIM5_IRQHandler          0x800'31b1         Code  Wk  startup_stm32f10x_cl.o [2]
TIM6_IRQHandler          0x800'31c1         Code  Wk  startup_stm32f10x_cl.o [2]
TIM7_IRQHandler          0x800'31c5         Code  Wk  startup_stm32f10x_cl.o [2]
TIM_Cmd                  0x800'29cb   0x1c  Code  Gb  stm32f10x_tim.o [4]
TIM_DMACmd               0x800'29e7   0x18  Code  Gb  stm32f10x_tim.o [4]
TIM_OC1Init              0x800'2937   0x94  Code  Gb  stm32f10x_tim.o [4]
TIM_OC1PreloadConfig     0x800'29ff   0x10  Code  Gb  stm32f10x_tim.o [4]
TIM_TimeBaseInit         0x800'28a5   0x92  Code  Gb  stm32f10x_tim.o [4]
UART4_IRQHandler         0x800'31b9         Code  Wk  startup_stm32f10x_cl.o [2]
UART5_IRQHandler         0x800'31bd         Code  Wk  startup_stm32f10x_cl.o [2]
USART1_IRQHandler        0x800'1c03   0x2e  Code  Gb  main.o [6]
USART1_Init              0x800'1aaf   0xae  Code  Gb  main.o [6]
USART2_IRQHandler        0x800'1c31   0x4c  Code  Gb  main.o [6]
USART2_Init              0x800'1b5d   0xa6  Code  Gb  main.o [6]
USART3_IRQHandler        0x800'31a1         Code  Wk  startup_stm32f10x_cl.o [2]
USART_ClearITPendingBit
                         0x800'22d9   0x16  Code  Gb  stm32f10x_usart.o [4]
USART_Cmd                0x800'2209   0x1c  Code  Gb  stm32f10x_usart.o [4]
USART_GetITStatus        0x800'227f   0x5a  Code  Gb  stm32f10x_usart.o [4]
USART_ITConfig           0x800'2225   0x4a  Code  Gb  stm32f10x_usart.o [4]
USART_Init               0x800'2149   0xba  Code  Gb  stm32f10x_usart.o [4]
USART_ReceiveData        0x800'2277    0x8  Code  Gb  stm32f10x_usart.o [4]
USART_SendData           0x800'226f    0x8  Code  Gb  stm32f10x_usart.o [4]
UsageFault_Handler       0x800'30b9    0x2  Code  Gb  stm32f10x_it.o [6]
WWDG_IRQHandler          0x800'3105         Code  Wk  startup_stm32f10x_cl.o [2]
WriteOneHz               0x800'0a15   0xe0  Code  Lc  lcd.o [3]
__aeabi_d2iz             0x800'2111         Code  Gb  DblToS32.o [8]
__aeabi_memset           0x800'2789         Code  Gb  ABImemset.o [9]
__aeabi_ui2d             0x800'20f5         Code  Gb  U32ToDbl.o [8]
__cmain                  0x800'3031         Code  Gb  cmain.o [9]
__exit                   0x800'3065   0x14  Code  Gb  exit.o [10]
__iar_Memset             0x800'2789         Code  Gb  ABImemset.o [9]
__iar_Memset_word        0x800'2791         Code  Gb  ABImemset.o [9]
__iar_copy_init3         0x800'0c4f   0x2a  Code  Gb  copy_init3.o [9]
__iar_data_init3         0x800'2fe5   0x28  Code  Gb  data_init.o [9]
__iar_program_start      0x800'3079         Code  Gb  cstartup_M.o [9]
__iar_zero_init3         0x800'2fad   0x38  Code  Gb  zero_init3.o [9]
__low_level_init         0x800'304f    0x4  Code  Gb  low_level_init.o [7]
__vector_table           0x800'0000         Data  Gb  startup_stm32f10x_cl.o [2]
_call_main               0x800'303d         Code  Gb  cmain.o [9]
_exit                    0x800'3059         Code  Gb  cexit.o [9]
asc2_1206                0x800'2a38  0x474  Data  Gb  lcd.o [3]
asc2_1608                0x800'0e04  0x5f0  Data  Gb  lcd.o [3]
exit                     0x800'3053    0x4  Code  Gb  exit.o [7]
findHzIndex              0x800'09d1   0x44  Code  Lc  lcd.o [3]
flag_a                  0x2000'0b80    0x4  Data  Gb  main.o [6]
flag_b                  0x2000'0b84    0x4  Data  Gb  main.o [6]
jodo                    0x2000'0b9a    0x2  Data  Gb  main.o [6]
leds                    0x2000'0b5c   0x24  Data  Gb  main.o [6]
main                     0x800'1c7d  0x1b4  Code  Gb  main.o [6]
mych                    0x2000'0018    0x1  Data  Gb  main.o [6]
mypow                    0x800'033f   0x18  Code  Lc  lcd.o [3]
set_ADC                  0x800'1a11   0x46  Code  Gb  main.o [6]
set_ENABLE               0x800'1989   0x2e  Code  Gb  main.o [6]
set_NVIC                 0x800'19d7   0x3a  Code  Gb  main.o [6]
set_PC1                  0x800'19b7   0x20  Code  Gb  main.o [6]
ws2812b_Init             0x800'24f5  0x100  Code  Gb  ws2812b.o [5]
ws2812b_SendRGB          0x800'25f5    0xe  Code  Gb  ws2812b.o [5]


[1] = C:\Users\NAINSOO\Desktop\programming\project_test\Debug\Obj\libraries\CMSIS\DeviceSupport
[2] = C:\Users\NAINSOO\Desktop\programming\project_test\Debug\Obj\libraries\CMSIS\DeviceSupport\Startup
[3] = C:\Users\NAINSOO\Desktop\programming\project_test\Debug\Obj\libraries\LCD
[4] = C:\Users\NAINSOO\Desktop\programming\project_test\Debug\Obj\libraries\STM32F10x_StdPeriph_Driver_v3.5\src
[5] = C:\Users\NAINSOO\Desktop\programming\project_test\Debug\Obj\libraries\ws2812\src
[6] = C:\Users\NAINSOO\Desktop\programming\project_test\Debug\Obj\user
[7] = dl7M_tln.a
[8] = m7M_tl.a
[9] = rt7M_tl.a
[10] = shb_l.a

  8'372 bytes of readonly  code memory
  4'420 bytes of readonly  data memory
  7'065 bytes of readwrite data memory

Errors: none
Warnings: none
